Nov 23 02:48:07 ip-172-31-19-83 kernel: Linux version 5.10.228-219.884.amzn2.x86_64 (mockbuild@ip-10-0-35-25) (gcc10-gcc (GCC) 10.5.0 20230707 (Red Hat 10.5.0-1), GNU ld version 2.35.2-9.amzn2.0.1) #1 SMP Wed Oct 23 17:17:00 UTC 2024
Nov 23 02:48:07 ip-172-31-19-83 kernel: Command line: BOOT_IMAGE=/boot/vmlinuz-5.10.228-219.884.amzn2.x86_64 root=UUID=33e2260f-ca11-4835-8455-89cfa1ba7201 ro console=tty0 console=ttyS0,115200n8 net.ifnames=0 biosdevname=0 nvme_core.io_timeout=4294967295 rd.emergency=poweroff rd.shell=0
Nov 23 02:48:07 ip-172-31-19-83 kernel: KASLR enabled
Nov 23 02:48:07 ip-172-31-19-83 kernel: BIOS-provided physical RAM map:
Nov 23 02:48:07 ip-172-31-19-83 kernel: BIOS-e820: [mem 0x0000000000000000-0x000000000009fbff] usable
Nov 23 02:48:07 ip-172-31-19-83 kernel: BIOS-e820: [mem 0x000000000009fc00-0x000000000009ffff] reserved
Nov 23 02:48:07 ip-172-31-19-83 kernel: BIOS-e820: [mem 0x00000000000f0000-0x00000000000fffff] reserved
Nov 23 02:48:07 ip-172-31-19-83 kernel: BIOS-e820: [mem 0x0000000000100000-0x000000003e3e9fff] usable
Nov 23 02:48:07 ip-172-31-19-83 kernel: BIOS-e820: [mem 0x000000003e3ea000-0x000000003fffffff] reserved
Nov 23 02:48:07 ip-172-31-19-83 kernel: BIOS-e820: [mem 0x00000000e0000000-0x00000000e03fffff] reserved
Nov 23 02:48:07 ip-172-31-19-83 kernel: BIOS-e820: [mem 0x00000000fffc0000-0x00000000ffffffff] reserved
Nov 23 02:48:07 ip-172-31-19-83 kernel: NX (Execute Disable) protection: active
Nov 23 02:48:07 ip-172-31-19-83 kernel: SMBIOS 2.7 present.
Nov 23 02:48:07 ip-172-31-19-83 kernel: DMI: Amazon EC2 t3.micro/, BIOS 1.0 10/16/2017
Nov 23 02:48:07 ip-172-31-19-83 kernel: Hypervisor detected: KVM
Nov 23 02:48:07 ip-172-31-19-83 kernel: kvm-clock: Using msrs 4b564d01 and 4b564d00
Nov 23 02:48:07 ip-172-31-19-83 kernel: kvm-clock: cpu 0, msr 1f601001, primary cpu clock
Nov 23 02:48:07 ip-172-31-19-83 kernel: kvm-clock: using sched offset of 2152778210 cycles
Nov 23 02:48:07 ip-172-31-19-83 kernel: clocksource: kvm-clock: mask: 0xffffffffffffffff max_cycles: 0x1cd42e4dffb, max_idle_ns: 881590591483 ns
Nov 23 02:48:07 ip-172-31-19-83 kernel: tsc: Detected 2500.004 MHz processor
Nov 23 02:48:07 ip-172-31-19-83 kernel: last_pfn = 0x3e3ea max_arch_pfn = 0x400000000
Nov 23 02:48:07 ip-172-31-19-83 kernel: x86/PAT: Configuration [0-7]: WB  WC  UC- UC  WB  WP  UC- WT  
Nov 23 02:48:07 ip-172-31-19-83 kernel: check: Scanning 1 areas for low memory corruption
Nov 23 02:48:07 ip-172-31-19-83 kernel: Using GB pages for direct mapping
Nov 23 02:48:07 ip-172-31-19-83 kernel: RAMDISK: [mem 0x36873000-0x37430fff]
Nov 23 02:48:07 ip-172-31-19-83 kernel: ACPI: Early table checksum verification disabled
Nov 23 02:48:07 ip-172-31-19-83 kernel: ACPI: RSDP 0x00000000000F8F40 000014 (v00 AMAZON)
Nov 23 02:48:07 ip-172-31-19-83 kernel: ACPI: RSDT 0x000000003E3EE350 000044 (v01 AMAZON AMZNRSDT 00000001 AMZN 00000001)
Nov 23 02:48:07 ip-172-31-19-83 kernel: ACPI: FACP 0x000000003E3EFF80 000074 (v01 AMAZON AMZNFACP 00000001 AMZN 00000001)
Nov 23 02:48:07 ip-172-31-19-83 kernel: ACPI: DSDT 0x000000003E3EE3A0 0010E9 (v01 AMAZON AMZNDSDT 00000001 AMZN 00000001)
Nov 23 02:48:07 ip-172-31-19-83 kernel: ACPI: FACS 0x000000003E3EFF40 000040
Nov 23 02:48:07 ip-172-31-19-83 kernel: ACPI: SSDT 0x000000003E3EF6C0 00087A (v01 AMAZON AMZNSSDT 00000001 AMZN 00000001)
Nov 23 02:48:07 ip-172-31-19-83 kernel: ACPI: APIC 0x000000003E3EF5D0 000076 (v01 AMAZON AMZNAPIC 00000001 AMZN 00000001)
Nov 23 02:48:07 ip-172-31-19-83 kernel: ACPI: SRAT 0x000000003E3EF530 0000A0 (v01 AMAZON AMZNSRAT 00000001 AMZN 00000001)
Nov 23 02:48:07 ip-172-31-19-83 kernel: ACPI: SLIT 0x000000003E3EF4C0 00006C (v01 AMAZON AMZNSLIT 00000001 AMZN 00000001)
Nov 23 02:48:07 ip-172-31-19-83 kernel: ACPI: WAET 0x000000003E3EF490 000028 (v01 AMAZON AMZNWAET 00000001 AMZN 00000001)
Nov 23 02:48:07 ip-172-31-19-83 kernel: ACPI: HPET 0x00000000000C9000 000038 (v01 AMAZON AMZNHPET 00000001 AMZN 00000001)
Nov 23 02:48:07 ip-172-31-19-83 kernel: ACPI: SSDT 0x00000000000C9040 00007B (v01 AMAZON AMZNSSDT 00000001 AMZN 00000001)
Nov 23 02:48:07 ip-172-31-19-83 kernel: ACPI: Reserving FACP table memory at [mem 0x3e3eff80-0x3e3efff3]
Nov 23 02:48:07 ip-172-31-19-83 kernel: ACPI: Reserving DSDT table memory at [mem 0x3e3ee3a0-0x3e3ef488]
Nov 23 02:48:07 ip-172-31-19-83 kernel: ACPI: Reserving FACS table memory at [mem 0x3e3eff40-0x3e3eff7f]
Nov 23 02:48:07 ip-172-31-19-83 kernel: ACPI: Reserving SSDT table memory at [mem 0x3e3ef6c0-0x3e3eff39]
Nov 23 02:48:07 ip-172-31-19-83 kernel: ACPI: Reserving APIC table memory at [mem 0x3e3ef5d0-0x3e3ef645]
Nov 23 02:48:07 ip-172-31-19-83 kernel: ACPI: Reserving SRAT table memory at [mem 0x3e3ef530-0x3e3ef5cf]
Nov 23 02:48:07 ip-172-31-19-83 kernel: ACPI: Reserving SLIT table memory at [mem 0x3e3ef4c0-0x3e3ef52b]
Nov 23 02:48:07 ip-172-31-19-83 kernel: ACPI: Reserving WAET table memory at [mem 0x3e3ef490-0x3e3ef4b7]
Nov 23 02:48:07 ip-172-31-19-83 kernel: ACPI: Reserving HPET table memory at [mem 0xc9000-0xc9037]
Nov 23 02:48:07 ip-172-31-19-83 kernel: ACPI: Reserving SSDT table memory at [mem 0xc9040-0xc90ba]
Nov 23 02:48:07 ip-172-31-19-83 kernel: SRAT: PXM 0 -> APIC 0x00 -> Node 0
Nov 23 02:48:07 ip-172-31-19-83 kernel: SRAT: PXM 0 -> APIC 0x01 -> Node 0
Nov 23 02:48:07 ip-172-31-19-83 kernel: ACPI: SRAT: Node 0 PXM 0 [mem 0x00000000-0x3fffffff]
Nov 23 02:48:07 ip-172-31-19-83 kernel: NODE_DATA(0) allocated [mem 0x3e3c7000-0x3e3e8fff]
Nov 23 02:48:07 ip-172-31-19-83 kernel: Zone ranges:
Nov 23 02:48:07 ip-172-31-19-83 kernel:  DMA      [mem 0x0000000000001000-0x0000000000ffffff]
Nov 23 02:48:07 ip-172-31-19-83 kernel:  DMA32    [mem 0x0000000001000000-0x000000003e3e9fff]
Nov 23 02:48:07 ip-172-31-19-83 kernel:  Normal   empty
Nov 23 02:48:07 ip-172-31-19-83 kernel: Movable zone start for each node
Nov 23 02:48:07 ip-172-31-19-83 kernel: Early memory node ranges
Nov 23 02:48:07 ip-172-31-19-83 kernel:  node   0: [mem 0x0000000000001000-0x000000000009efff]
Nov 23 02:48:07 ip-172-31-19-83 kernel:  node   0: [mem 0x0000000000100000-0x000000003e3e9fff]
Nov 23 02:48:07 ip-172-31-19-83 kernel: Initmem setup node 0 [mem 0x0000000000001000-0x000000003e3e9fff]
Nov 23 02:48:07 ip-172-31-19-83 kernel: On node 0, zone DMA: 1 pages in unavailable ranges
Nov 23 02:48:07 ip-172-31-19-83 kernel: On node 0, zone DMA: 97 pages in unavailable ranges
Nov 23 02:48:07 ip-172-31-19-83 kernel: On node 0, zone DMA32: 7190 pages in unavailable ranges
Nov 23 02:48:07 ip-172-31-19-83 kernel: ACPI: PM-Timer IO Port: 0xb008
Nov 23 02:48:07 ip-172-31-19-83 kernel: ACPI: LAPIC_NMI (acpi_id[0xff] dfl dfl lint[0x1])
Nov 23 02:48:07 ip-172-31-19-83 kernel: IOAPIC[0]: apic_id 0, version 32, address 0xfec00000, GSI 0-23
Nov 23 02:48:07 ip-172-31-19-83 kernel: ACPI: INT_SRC_OVR (bus 0 bus_irq 5 global_irq 5 high level)
Nov 23 02:48:07 ip-172-31-19-83 kernel: ACPI: INT_SRC_OVR (bus 0 bus_irq 9 global_irq 9 high level)
Nov 23 02:48:07 ip-172-31-19-83 kernel: ACPI: INT_SRC_OVR (bus 0 bus_irq 10 global_irq 10 high level)
Nov 23 02:48:07 ip-172-31-19-83 kernel: ACPI: INT_SRC_OVR (bus 0 bus_irq 11 global_irq 11 high level)
Nov 23 02:48:07 ip-172-31-19-83 kernel: Using ACPI (MADT) for SMP configuration information
Nov 23 02:48:07 ip-172-31-19-83 kernel: ACPI: HPET id: 0x8086a201 base: 0xfed00000
Nov 23 02:48:07 ip-172-31-19-83 kernel: TSC deadline timer available
Nov 23 02:48:07 ip-172-31-19-83 kernel: smpboot: Allowing 2 CPUs, 0 hotplug CPUs
Nov 23 02:48:07 ip-172-31-19-83 kernel: PM: hibernation: Registered nosave memory: [mem 0x00000000-0x00000fff]
Nov 23 02:48:07 ip-172-31-19-83 kernel: PM: hibernation: Registered nosave memory: [mem 0x0009f000-0x0009ffff]
Nov 23 02:48:07 ip-172-31-19-83 kernel: PM: hibernation: Registered nosave memory: [mem 0x000a0000-0x000effff]
Nov 23 02:48:07 ip-172-31-19-83 kernel: PM: hibernation: Registered nosave memory: [mem 0x000f0000-0x000fffff]
Nov 23 02:48:07 ip-172-31-19-83 kernel: [mem 0x40000000-0xdfffffff] available for PCI devices
Nov 23 02:48:07 ip-172-31-19-83 kernel: Booting paravirtualized kernel on KVM
Nov 23 02:48:07 ip-172-31-19-83 kernel: clocksource: refined-jiffies: mask: 0xffffffff max_cycles: 0xffffffff, max_idle_ns: 7645519600211568 ns
Nov 23 02:48:07 ip-172-31-19-83 kernel: setup_percpu: NR_CPUS:8192 nr_cpumask_bits:2 nr_cpu_ids:2 nr_node_ids:1
Nov 23 02:48:07 ip-172-31-19-83 kernel: percpu: Embedded 62 pages/cpu s217088 r8192 d28672 u1048576
Nov 23 02:48:07 ip-172-31-19-83 kernel: kvm-guest: stealtime: cpu 0, msr 3d034080
Nov 23 02:48:07 ip-172-31-19-83 kernel: kvm-guest: PV spinlocks enabled
Nov 23 02:48:07 ip-172-31-19-83 kernel: PV qspinlock hash table entries: 256 (order: 0, 4096 bytes, linear)
Nov 23 02:48:07 ip-172-31-19-83 kernel: Built 1 zonelists, mobility grouping on.  Total pages: 250851
Nov 23 02:48:07 ip-172-31-19-83 kernel: Policy zone: DMA32
Nov 23 02:48:07 ip-172-31-19-83 kernel: Kernel command line: BOOT_IMAGE=/boot/vmlinuz-5.10.228-219.884.amzn2.x86_64 root=UUID=33e2260f-ca11-4835-8455-89cfa1ba7201 ro console=tty0 console=ttyS0,115200n8 net.ifnames=0 biosdevname=0 nvme_core.io_timeout=4294967295 rd.emergency=poweroff rd.shell=0
Nov 23 02:48:07 ip-172-31-19-83 kernel: Fallback order for Node 0: 0 
Nov 23 02:48:07 ip-172-31-19-83 kernel: Dentry cache hash table entries: 131072 (order: 8, 1048576 bytes, linear)
Nov 23 02:48:07 ip-172-31-19-83 kernel: Inode-cache hash table entries: 65536 (order: 7, 524288 bytes, linear)
Nov 23 02:48:07 ip-172-31-19-83 kernel: mem auto-init: stack:off, heap alloc:off, heap free:off
Nov 23 02:48:07 ip-172-31-19-83 kernel: Memory: 261408K/1019424K available (12300K kernel code, 9444K rwdata, 8064K rodata, 2464K init, 18744K bss, 88112K reserved, 0K cma-reserved)
Nov 23 02:48:07 ip-172-31-19-83 kernel: SLUB: HWalign=64, Order=0-3, MinObjects=0, CPUs=2, Nodes=1
Nov 23 02:48:07 ip-172-31-19-83 kernel: Kernel/User page tables isolation: enabled
Nov 23 02:48:07 ip-172-31-19-83 kernel: ftrace: allocating 40165 entries in 157 pages
Nov 23 02:48:07 ip-172-31-19-83 kernel: ftrace: allocated 157 pages with 5 groups
Nov 23 02:48:07 ip-172-31-19-83 kernel: rcu: Hierarchical RCU implementation.
Nov 23 02:48:07 ip-172-31-19-83 kernel: rcu: #011RCU restricting CPUs from NR_CPUS=8192 to nr_cpu_ids=2.
Nov 23 02:48:07 ip-172-31-19-83 kernel: #011Rude variant of Tasks RCU enabled.
Nov 23 02:48:07 ip-172-31-19-83 kernel: #011Tracing variant of Tasks RCU enabled.
Nov 23 02:48:07 ip-172-31-19-83 kernel: rcu: RCU calculated value of scheduler-enlistment delay is 25 jiffies.
Nov 23 02:48:07 ip-172-31-19-83 kernel: rcu: Adjusting geometry for rcu_fanout_leaf=16, nr_cpu_ids=2
Nov 23 02:48:07 ip-172-31-19-83 kernel: NR_IRQS: 524544, nr_irqs: 440, preallocated irqs: 16
Nov 23 02:48:07 ip-172-31-19-83 kernel: random: crng init done
Nov 23 02:48:07 ip-172-31-19-83 kernel: Console: colour VGA+ 80x25
Nov 23 02:48:07 ip-172-31-19-83 kernel: printk: console [tty0] enabled
Nov 23 02:48:07 ip-172-31-19-83 kernel: printk: console [ttyS0] enabled
Nov 23 02:48:07 ip-172-31-19-83 kernel: ACPI: Core revision 20200925
Nov 23 02:48:07 ip-172-31-19-83 kernel: clocksource: hpet: mask: 0xffffffff max_cycles: 0xffffffff, max_idle_ns: 30580167144 ns
Nov 23 02:48:07 ip-172-31-19-83 kernel: APIC: Switch to symmetric I/O mode setup
Nov 23 02:48:07 ip-172-31-19-83 kernel: x2apic enabled
Nov 23 02:48:07 ip-172-31-19-83 kernel: Switched APIC routing to physical x2apic.
Nov 23 02:48:07 ip-172-31-19-83 kernel: clocksource: tsc-early: mask: 0xffffffffffffffff max_cycles: 0x24093d6e846, max_idle_ns: 440795249997 ns
Nov 23 02:48:07 ip-172-31-19-83 kernel: Calibrating delay loop (skipped) preset value.. 5000.00 BogoMIPS (lpj=10000016)
Nov 23 02:48:07 ip-172-31-19-83 kernel: Last level iTLB entries: 4KB 64, 2MB 8, 4MB 8
Nov 23 02:48:07 ip-172-31-19-83 kernel: Last level dTLB entries: 4KB 64, 2MB 0, 4MB 0, 1GB 4
Nov 23 02:48:07 ip-172-31-19-83 kernel: Spectre V1 : Mitigation: usercopy/swapgs barriers and __user pointer sanitization
Nov 23 02:48:07 ip-172-31-19-83 kernel: Spectre V2 : Mitigation: Retpolines
Nov 23 02:48:07 ip-172-31-19-83 kernel: Spectre V2 : Spectre v2 / SpectreRSB mitigation: Filling RSB on context switch
Nov 23 02:48:07 ip-172-31-19-83 kernel: Spectre V2 : Spectre v2 / SpectreRSB : Filling RSB on VMEXIT
Nov 23 02:48:07 ip-172-31-19-83 kernel: RETBleed: WARNING: Spectre v2 mitigation leaves CPU vulnerable to RETBleed attacks, data leaks possible!
Nov 23 02:48:07 ip-172-31-19-83 kernel: RETBleed: Vulnerable
Nov 23 02:48:07 ip-172-31-19-83 kernel: Speculative Store Bypass: Vulnerable
Nov 23 02:48:07 ip-172-31-19-83 kernel: MDS: Vulnerable: Clear CPU buffers attempted, no microcode
Nov 23 02:48:07 ip-172-31-19-83 kernel: MMIO Stale Data: Vulnerable: Clear CPU buffers attempted, no microcode
Nov 23 02:48:07 ip-172-31-19-83 kernel: GDS: Unknown: Dependent on hypervisor status
Nov 23 02:48:07 ip-172-31-19-83 kernel: x86/fpu: Supporting XSAVE feature 0x001: 'x87 floating point registers'
Nov 23 02:48:07 ip-172-31-19-83 kernel: x86/fpu: Supporting XSAVE feature 0x002: 'SSE registers'
Nov 23 02:48:07 ip-172-31-19-83 kernel: x86/fpu: Supporting XSAVE feature 0x004: 'AVX registers'
Nov 23 02:48:07 ip-172-31-19-83 kernel: x86/fpu: Supporting XSAVE feature 0x008: 'MPX bounds registers'
Nov 23 02:48:07 ip-172-31-19-83 kernel: x86/fpu: Supporting XSAVE feature 0x010: 'MPX CSR'
Nov 23 02:48:07 ip-172-31-19-83 kernel: x86/fpu: Supporting XSAVE feature 0x020: 'AVX-512 opmask'
Nov 23 02:48:07 ip-172-31-19-83 kernel: x86/fpu: Supporting XSAVE feature 0x040: 'AVX-512 Hi256'
Nov 23 02:48:07 ip-172-31-19-83 kernel: x86/fpu: Supporting XSAVE feature 0x080: 'AVX-512 ZMM_Hi256'
Nov 23 02:48:07 ip-172-31-19-83 kernel: x86/fpu: Supporting XSAVE feature 0x200: 'Protection Keys User registers'
Nov 23 02:48:07 ip-172-31-19-83 kernel: x86/fpu: xstate_offset[2]:  576, xstate_sizes[2]:  256
Nov 23 02:48:07 ip-172-31-19-83 kernel: x86/fpu: xstate_offset[3]:  832, xstate_sizes[3]:   64
Nov 23 02:48:07 ip-172-31-19-83 kernel: x86/fpu: xstate_offset[4]:  896, xstate_sizes[4]:   64
Nov 23 02:48:07 ip-172-31-19-83 kernel: x86/fpu: xstate_offset[5]:  960, xstate_sizes[5]:   64
Nov 23 02:48:07 ip-172-31-19-83 kernel: x86/fpu: xstate_offset[6]: 1024, xstate_sizes[6]:  512
Nov 23 02:48:07 ip-172-31-19-83 kernel: x86/fpu: xstate_offset[7]: 1536, xstate_sizes[7]: 1024
Nov 23 02:48:07 ip-172-31-19-83 kernel: x86/fpu: xstate_offset[9]: 2560, xstate_sizes[9]:    8
Nov 23 02:48:07 ip-172-31-19-83 kernel: x86/fpu: Enabled xstate features 0x2ff, context size is 2568 bytes, using 'compacted' format.
Nov 23 02:48:07 ip-172-31-19-83 kernel: Freeing SMP alternatives memory: 32K
Nov 23 02:48:07 ip-172-31-19-83 kernel: pid_max: default: 32768 minimum: 301
Nov 23 02:48:07 ip-172-31-19-83 kernel: LSM: Security Framework initializing
Nov 23 02:48:07 ip-172-31-19-83 kernel: Yama: becoming mindful.
Nov 23 02:48:07 ip-172-31-19-83 kernel: SELinux:  Initializing.
Nov 23 02:48:07 ip-172-31-19-83 kernel: LSM support for eBPF active
Nov 23 02:48:07 ip-172-31-19-83 kernel: Mount-cache hash table entries: 2048 (order: 2, 16384 bytes, linear)
Nov 23 02:48:07 ip-172-31-19-83 kernel: Mountpoint-cache hash table entries: 2048 (order: 2, 16384 bytes, linear)
Nov 23 02:48:07 ip-172-31-19-83 kernel: smpboot: CPU0: Intel(R) Xeon(R) Platinum 8259CL CPU @ 2.50GHz (family: 0x6, model: 0x55, stepping: 0x7)
Nov 23 02:48:07 ip-172-31-19-83 kernel: Performance Events: unsupported p6 CPU model 85 no PMU driver, software events only.
Nov 23 02:48:07 ip-172-31-19-83 kernel: rcu: Hierarchical SRCU implementation.
Nov 23 02:48:07 ip-172-31-19-83 kernel: NMI watchdog: Perf NMI watchdog permanently disabled
Nov 23 02:48:07 ip-172-31-19-83 kernel: smp: Bringing up secondary CPUs ...
Nov 23 02:48:07 ip-172-31-19-83 kernel: x86: Booting SMP configuration:
Nov 23 02:48:07 ip-172-31-19-83 kernel: .... node  #0, CPUs:      #1
Nov 23 02:48:07 ip-172-31-19-83 kernel: kvm-clock: cpu 1, msr 1f601041, secondary cpu clock
Nov 23 02:48:07 ip-172-31-19-83 kernel: kvm-guest: stealtime: cpu 1, msr 3d134080
Nov 23 02:48:07 ip-172-31-19-83 kernel: MDS CPU bug present and SMT on, data leak possible. See https://www.kernel.org/doc/html/latest/admin-guide/hw-vuln/mds.html for more details.
Nov 23 02:48:07 ip-172-31-19-83 kernel: MMIO Stale Data CPU bug present and SMT on, data leak possible. See https://www.kernel.org/doc/html/latest/admin-guide/hw-vuln/processor_mmio_stale_data.html for more details.
Nov 23 02:48:07 ip-172-31-19-83 kernel: smp: Brought up 1 node, 2 CPUs
Nov 23 02:48:07 ip-172-31-19-83 kernel: smpboot: Max logical packages: 1
Nov 23 02:48:07 ip-172-31-19-83 kernel: smpboot: Total of 2 processors activated (10000.01 BogoMIPS)
Nov 23 02:48:07 ip-172-31-19-83 kernel: node 0 deferred pages initialised in 0ms
Nov 23 02:48:07 ip-172-31-19-83 kernel: devtmpfs: initialized
Nov 23 02:48:07 ip-172-31-19-83 kernel: x86/mm: Memory block size: 128MB
Nov 23 02:48:07 ip-172-31-19-83 kernel: clocksource: jiffies: mask: 0xffffffff max_cycles: 0xffffffff, max_idle_ns: 7645041785100000 ns
Nov 23 02:48:07 ip-172-31-19-83 kernel: futex hash table entries: 512 (order: 3, 32768 bytes, linear)
Nov 23 02:48:07 ip-172-31-19-83 kernel: NET: Registered protocol family 16
Nov 23 02:48:07 ip-172-31-19-83 kernel: DMA: preallocated 128 KiB GFP_KERNEL pool for atomic allocations
Nov 23 02:48:07 ip-172-31-19-83 kernel: DMA: preallocated 128 KiB GFP_KERNEL|GFP_DMA pool for atomic allocations
Nov 23 02:48:07 ip-172-31-19-83 kernel: DMA: preallocated 128 KiB GFP_KERNEL|GFP_DMA32 pool for atomic allocations
Nov 23 02:48:07 ip-172-31-19-83 kernel: audit: initializing netlink subsys (disabled)
Nov 23 02:48:07 ip-172-31-19-83 kernel: audit: type=2000 audit(1732330085.457:1): state=initialized audit_enabled=0 res=1
Nov 23 02:48:07 ip-172-31-19-83 kernel: thermal_sys: Registered thermal governor 'fair_share'
Nov 23 02:48:07 ip-172-31-19-83 kernel: thermal_sys: Registered thermal governor 'step_wise'
Nov 23 02:48:07 ip-172-31-19-83 kernel: thermal_sys: Registered thermal governor 'user_space'
Nov 23 02:48:07 ip-172-31-19-83 kernel: cpuidle: using governor ladder
Nov 23 02:48:07 ip-172-31-19-83 kernel: cpuidle: using governor menu
Nov 23 02:48:07 ip-172-31-19-83 kernel: ACPI: bus type PCI registered
Nov 23 02:48:07 ip-172-31-19-83 kernel: acpiphp: ACPI Hot Plug PCI Controller Driver version: 0.5
Nov 23 02:48:07 ip-172-31-19-83 kernel: PCI: Using configuration type 1 for base access
Nov 23 02:48:07 ip-172-31-19-83 kernel: Kprobes globally optimized
Nov 23 02:48:07 ip-172-31-19-83 kernel: HugeTLB registered 1.00 GiB page size, pre-allocated 0 pages
Nov 23 02:48:07 ip-172-31-19-83 kernel: HugeTLB registered 2.00 MiB page size, pre-allocated 0 pages
Nov 23 02:48:07 ip-172-31-19-83 kernel: ACPI: Added _OSI(Module Device)
Nov 23 02:48:07 ip-172-31-19-83 kernel: ACPI: Added _OSI(Processor Device)
Nov 23 02:48:07 ip-172-31-19-83 kernel: ACPI: Added _OSI(3.0 _SCP Extensions)
Nov 23 02:48:07 ip-172-31-19-83 kernel: ACPI: Added _OSI(Processor Aggregator Device)
Nov 23 02:48:07 ip-172-31-19-83 kernel: ACPI: Added _OSI(Linux-Dell-Video)
Nov 23 02:48:07 ip-172-31-19-83 kernel: ACPI: Added _OSI(Linux-Lenovo-NV-HDMI-Audio)
Nov 23 02:48:07 ip-172-31-19-83 kernel: ACPI: Added _OSI(Linux-HPI-Hybrid-Graphics)
Nov 23 02:48:07 ip-172-31-19-83 kernel: ACPI: 3 ACPI AML tables successfully acquired and loaded
Nov 23 02:48:07 ip-172-31-19-83 kernel: ACPI: Interpreter enabled
Nov 23 02:48:07 ip-172-31-19-83 kernel: ACPI: (supports S0 S4 S5)
Nov 23 02:48:07 ip-172-31-19-83 kernel: ACPI: Using IOAPIC for interrupt routing
Nov 23 02:48:07 ip-172-31-19-83 kernel: PCI: Using host bridge windows from ACPI; if necessary, use "pci=nocrs" and report a bug
Nov 23 02:48:07 ip-172-31-19-83 kernel: ACPI: Enabled 16 GPEs in block 00 to 0F
Nov 23 02:48:07 ip-172-31-19-83 kernel: ACPI: PCI Root Bridge [PCI0] (domain 0000 [bus 00-ff])
Nov 23 02:48:07 ip-172-31-19-83 kernel: acpi PNP0A03:00: _OSC: OS supports [ASPM ClockPM Segments MSI HPX-Type3]
Nov 23 02:48:07 ip-172-31-19-83 kernel: acpi PNP0A03:00: fail to add MMCONFIG information, can't access extended PCI configuration space under this bridge.
Nov 23 02:48:07 ip-172-31-19-83 kernel: acpiphp: Slot [3] registered
Nov 23 02:48:07 ip-172-31-19-83 kernel: acpiphp: Slot [4] registered
Nov 23 02:48:07 ip-172-31-19-83 kernel: acpiphp: Slot [5] registered
Nov 23 02:48:07 ip-172-31-19-83 kernel: acpiphp: Slot [6] registered
Nov 23 02:48:07 ip-172-31-19-83 kernel: acpiphp: Slot [7] registered
Nov 23 02:48:07 ip-172-31-19-83 kernel: acpiphp: Slot [8] registered
Nov 23 02:48:07 ip-172-31-19-83 kernel: acpiphp: Slot [9] registered
Nov 23 02:48:07 ip-172-31-19-83 kernel: acpiphp: Slot [10] registered
Nov 23 02:48:07 ip-172-31-19-83 kernel: acpiphp: Slot [11] registered
Nov 23 02:48:07 ip-172-31-19-83 kernel: acpiphp: Slot [12] registered
Nov 23 02:48:07 ip-172-31-19-83 kernel: acpiphp: Slot [13] registered
Nov 23 02:48:07 ip-172-31-19-83 kernel: acpiphp: Slot [14] registered
Nov 23 02:48:07 ip-172-31-19-83 kernel: acpiphp: Slot [15] registered
Nov 23 02:48:07 ip-172-31-19-83 kernel: acpiphp: Slot [16] registered
Nov 23 02:48:07 ip-172-31-19-83 kernel: acpiphp: Slot [17] registered
Nov 23 02:48:07 ip-172-31-19-83 kernel: acpiphp: Slot [18] registered
Nov 23 02:48:07 ip-172-31-19-83 kernel: acpiphp: Slot [19] registered
Nov 23 02:48:07 ip-172-31-19-83 kernel: acpiphp: Slot [20] registered
Nov 23 02:48:07 ip-172-31-19-83 kernel: acpiphp: Slot [21] registered
Nov 23 02:48:07 ip-172-31-19-83 kernel: acpiphp: Slot [22] registered
Nov 23 02:48:07 ip-172-31-19-83 kernel: acpiphp: Slot [23] registered
Nov 23 02:48:07 ip-172-31-19-83 kernel: acpiphp: Slot [24] registered
Nov 23 02:48:07 ip-172-31-19-83 kernel: acpiphp: Slot [25] registered
Nov 23 02:48:07 ip-172-31-19-83 kernel: acpiphp: Slot [26] registered
Nov 23 02:48:07 ip-172-31-19-83 kernel: acpiphp: Slot [27] registered
Nov 23 02:48:07 ip-172-31-19-83 kernel: acpiphp: Slot [28] registered
Nov 23 02:48:07 ip-172-31-19-83 kernel: acpiphp: Slot [29] registered
Nov 23 02:48:07 ip-172-31-19-83 kernel: acpiphp: Slot [30] registered
Nov 23 02:48:07 ip-172-31-19-83 kernel: acpiphp: Slot [31] registered
Nov 23 02:48:07 ip-172-31-19-83 kernel: PCI host bridge to bus 0000:00
Nov 23 02:48:07 ip-172-31-19-83 kernel: pci_bus 0000:00: root bus resource [io  0x0000-0x0cf7 window]
Nov 23 02:48:07 ip-172-31-19-83 kernel: pci_bus 0000:00: root bus resource [io  0x0d00-0xffff window]
Nov 23 02:48:07 ip-172-31-19-83 kernel: pci_bus 0000:00: root bus resource [mem 0x000a0000-0x000bffff window]
Nov 23 02:48:07 ip-172-31-19-83 kernel: pci_bus 0000:00: root bus resource [mem 0x80000000-0xfebfffff window]
Nov 23 02:48:07 ip-172-31-19-83 kernel: pci_bus 0000:00: root bus resource [bus 00-ff]
Nov 23 02:48:07 ip-172-31-19-83 kernel: pci 0000:00:00.0: [8086:1237] type 00 class 0x060000
Nov 23 02:48:07 ip-172-31-19-83 kernel: pci 0000:00:01.0: [8086:7000] type 00 class 0x060100
Nov 23 02:48:07 ip-172-31-19-83 kernel: pci 0000:00:01.3: [8086:7113] type 00 class 0x000000
Nov 23 02:48:07 ip-172-31-19-83 kernel: pci 0000:00:01.3: quirk: [io  0xb000-0xb03f] claimed by PIIX4 ACPI
Nov 23 02:48:07 ip-172-31-19-83 kernel: pci 0000:00:01.3: quirk: [io  0xb100-0xb10f] claimed by PIIX4 SMB
Nov 23 02:48:07 ip-172-31-19-83 kernel: pci 0000:00:01.3: PIIX4 devres E PIO at fff0-ffff
Nov 23 02:48:07 ip-172-31-19-83 kernel: pci 0000:00:01.3: PIIX4 devres F MMIO at ffc00000-ffffffff
Nov 23 02:48:07 ip-172-31-19-83 kernel: pci 0000:00:01.3: PIIX4 devres G PIO at fff0-ffff
Nov 23 02:48:07 ip-172-31-19-83 kernel: pci 0000:00:01.3: PIIX4 devres H MMIO at ffc00000-ffffffff
Nov 23 02:48:07 ip-172-31-19-83 kernel: pci 0000:00:01.3: PIIX4 devres I PIO at fff0-ffff
Nov 23 02:48:07 ip-172-31-19-83 kernel: pci 0000:00:01.3: PIIX4 devres J PIO at fff0-ffff
Nov 23 02:48:07 ip-172-31-19-83 kernel: pci 0000:00:01.3: quirk_piix4_acpi+0x0/0x170 took 23437 usecs
Nov 23 02:48:07 ip-172-31-19-83 kernel: pci 0000:00:03.0: [1d0f:1111] type 00 class 0x030000
Nov 23 02:48:07 ip-172-31-19-83 kernel: pci 0000:00:03.0: reg 0x10: [mem 0xfe400000-0xfe7fffff pref]
Nov 23 02:48:07 ip-172-31-19-83 kernel: pci 0000:00:03.0: reg 0x30: [mem 0xfebe0000-0xfebeffff pref]
Nov 23 02:48:07 ip-172-31-19-83 kernel: pci 0000:00:04.0: [1d0f:8061] type 00 class 0x010802
Nov 23 02:48:07 ip-172-31-19-83 kernel: pci 0000:00:04.0: reg 0x10: [mem 0xfebf0000-0xfebf3fff]
Nov 23 02:48:07 ip-172-31-19-83 kernel: pci 0000:00:05.0: [1d0f:ec20] type 00 class 0x020000
Nov 23 02:48:07 ip-172-31-19-83 kernel: pci 0000:00:05.0: reg 0x10: [mem 0xfebf4000-0xfebf7fff]
Nov 23 02:48:07 ip-172-31-19-83 kernel: ACPI: PCI Interrupt Link [LNKA] (IRQs 5 *10 11)
Nov 23 02:48:07 ip-172-31-19-83 kernel: ACPI: PCI Interrupt Link [LNKB] (IRQs 5 *10 11)
Nov 23 02:48:07 ip-172-31-19-83 kernel: ACPI: PCI Interrupt Link [LNKC] (IRQs 5 10 *11)
Nov 23 02:48:07 ip-172-31-19-83 kernel: ACPI: PCI Interrupt Link [LNKD] (IRQs 5 10 *11)
Nov 23 02:48:07 ip-172-31-19-83 kernel: ACPI: PCI Interrupt Link [LNKS] (IRQs *9)
Nov 23 02:48:07 ip-172-31-19-83 kernel: iommu: Default domain type: Translated 
Nov 23 02:48:07 ip-172-31-19-83 kernel: pci 0000:00:03.0: vgaarb: setting as boot VGA device
Nov 23 02:48:07 ip-172-31-19-83 kernel: pci 0000:00:03.0: vgaarb: VGA device added: decodes=io+mem,owns=io+mem,locks=none
Nov 23 02:48:07 ip-172-31-19-83 kernel: pci 0000:00:03.0: vgaarb: bridge control possible
Nov 23 02:48:07 ip-172-31-19-83 kernel: vgaarb: loaded
Nov 23 02:48:07 ip-172-31-19-83 kernel: EDAC MC: Ver: 3.0.0
Nov 23 02:48:07 ip-172-31-19-83 kernel: NetLabel: Initializing
Nov 23 02:48:07 ip-172-31-19-83 kernel: NetLabel:  domain hash size = 128
Nov 23 02:48:07 ip-172-31-19-83 kernel: NetLabel:  protocols = UNLABELED CIPSOv4 CALIPSO
Nov 23 02:48:07 ip-172-31-19-83 kernel: NetLabel:  unlabeled traffic allowed by default
Nov 23 02:48:07 ip-172-31-19-83 kernel: PCI: Using ACPI for IRQ routing
Nov 23 02:48:07 ip-172-31-19-83 kernel: hpet0: at MMIO 0xfed00000, IRQs 2, 8, 0, 0, 0, 0, 0, 0
Nov 23 02:48:07 ip-172-31-19-83 kernel: hpet0: 8 comparators, 32-bit 62.500000 MHz counter
Nov 23 02:48:07 ip-172-31-19-83 kernel: clocksource: Switched to clocksource kvm-clock
Nov 23 02:48:07 ip-172-31-19-83 kernel: VFS: Disk quotas dquot_6.6.0
Nov 23 02:48:07 ip-172-31-19-83 kernel: VFS: Dquot-cache hash table entries: 512 (order 0, 4096 bytes)
Nov 23 02:48:07 ip-172-31-19-83 kernel: pnp: PnP ACPI init
Nov 23 02:48:07 ip-172-31-19-83 kernel: pnp: PnP ACPI: found 5 devices
Nov 23 02:48:07 ip-172-31-19-83 kernel: clocksource: acpi_pm: mask: 0xffffff max_cycles: 0xffffff, max_idle_ns: 2085701024 ns
Nov 23 02:48:07 ip-172-31-19-83 kernel: NET: Registered protocol family 2
Nov 23 02:48:07 ip-172-31-19-83 kernel: IP idents hash table entries: 16384 (order: 5, 131072 bytes, linear)
Nov 23 02:48:07 ip-172-31-19-83 kernel: tcp_listen_portaddr_hash hash table entries: 512 (order: 1, 8192 bytes, linear)
Nov 23 02:48:07 ip-172-31-19-83 kernel: TCP established hash table entries: 8192 (order: 4, 65536 bytes, linear)
Nov 23 02:48:07 ip-172-31-19-83 kernel: TCP bind hash table entries: 8192 (order: 5, 131072 bytes, linear)
Nov 23 02:48:07 ip-172-31-19-83 kernel: TCP: Hash tables configured (established 8192 bind 8192)
Nov 23 02:48:07 ip-172-31-19-83 kernel: MPTCP token hash table entries: 1024 (order: 2, 24576 bytes, linear)
Nov 23 02:48:07 ip-172-31-19-83 kernel: UDP hash table entries: 512 (order: 2, 16384 bytes, linear)
Nov 23 02:48:07 ip-172-31-19-83 kernel: UDP-Lite hash table entries: 512 (order: 2, 16384 bytes, linear)
Nov 23 02:48:07 ip-172-31-19-83 kernel: NET: Registered protocol family 1
Nov 23 02:48:07 ip-172-31-19-83 kernel: NET: Registered protocol family 44
Nov 23 02:48:07 ip-172-31-19-83 kernel: pci_bus 0000:00: resource 4 [io  0x0000-0x0cf7 window]
Nov 23 02:48:07 ip-172-31-19-83 kernel: pci_bus 0000:00: resource 5 [io  0x0d00-0xffff window]
Nov 23 02:48:07 ip-172-31-19-83 kernel: pci_bus 0000:00: resource 6 [mem 0x000a0000-0x000bffff window]
Nov 23 02:48:07 ip-172-31-19-83 kernel: pci_bus 0000:00: resource 7 [mem 0x80000000-0xfebfffff window]
Nov 23 02:48:07 ip-172-31-19-83 kernel: pci 0000:00:00.0: Limiting direct PCI/PCI transfers
Nov 23 02:48:07 ip-172-31-19-83 kernel: pci 0000:00:01.0: Activating ISA DMA hang workarounds
Nov 23 02:48:07 ip-172-31-19-83 kernel: pci 0000:00:03.0: Video device with shadowed ROM at [mem 0x000c0000-0x000dffff]
Nov 23 02:48:07 ip-172-31-19-83 kernel: PCI: CLS 0 bytes, default 64
Nov 23 02:48:07 ip-172-31-19-83 kernel: Trying to unpack rootfs image as initramfs...
Nov 23 02:48:07 ip-172-31-19-83 kernel: Freeing initrd memory: 12024K
Nov 23 02:48:07 ip-172-31-19-83 kernel: clocksource: tsc: mask: 0xffffffffffffffff max_cycles: 0x24093d6e846, max_idle_ns: 440795249997 ns
Nov 23 02:48:07 ip-172-31-19-83 kernel: clocksource: Switched to clocksource tsc
Nov 23 02:48:07 ip-172-31-19-83 kernel: check: Scanning for low memory corruption every 60 seconds
Nov 23 02:48:07 ip-172-31-19-83 kernel: Initialise system trusted keyrings
Nov 23 02:48:07 ip-172-31-19-83 kernel: Key type blacklist registered
Nov 23 02:48:07 ip-172-31-19-83 kernel: workingset: timestamp_bits=36 max_order=18 bucket_order=0
Nov 23 02:48:07 ip-172-31-19-83 kernel: zbud: loaded
Nov 23 02:48:07 ip-172-31-19-83 kernel: SGI XFS with ACLs, security attributes, quota, no debug enabled
Nov 23 02:48:07 ip-172-31-19-83 kernel: Key type asymmetric registered
Nov 23 02:48:07 ip-172-31-19-83 kernel: Asymmetric key parser 'x509' registered
Nov 23 02:48:07 ip-172-31-19-83 kernel: Block layer SCSI generic (bsg) driver version 0.4 loaded (major 251)
Nov 23 02:48:07 ip-172-31-19-83 kernel: io scheduler mq-deadline registered
Nov 23 02:48:07 ip-172-31-19-83 kernel: io scheduler kyber registered
Nov 23 02:48:07 ip-172-31-19-83 kernel: io scheduler bfq registered
Nov 23 02:48:07 ip-172-31-19-83 kernel: shpchp: Standard Hot Plug PCI Controller Driver version: 0.4
Nov 23 02:48:07 ip-172-31-19-83 kernel: Serial: 8250/16550 driver, 4 ports, IRQ sharing disabled
Nov 23 02:48:07 ip-172-31-19-83 kernel: 00:04: ttyS0 at I/O 0x3f8 (irq = 4, base_baud = 115200) is a 16550A
Nov 23 02:48:07 ip-172-31-19-83 kernel: nvme nvme0: pci function 0000:00:04.0
Nov 23 02:48:07 ip-172-31-19-83 kernel: i8042: PNP: PS/2 Controller [PNP0303:KBD,PNP0f13:MOU] at 0x60,0x64 irq 1,12
Nov 23 02:48:07 ip-172-31-19-83 kernel: PCI Interrupt Link [LNKD] enabled at IRQ 11
Nov 23 02:48:07 ip-172-31-19-83 kernel: i8042: Warning: Keylock active
Nov 23 02:48:07 ip-172-31-19-83 kernel: serio: i8042 KBD port at 0x60,0x64 irq 1
Nov 23 02:48:07 ip-172-31-19-83 kernel: serio: i8042 AUX port at 0x60,0x64 irq 12
Nov 23 02:48:07 ip-172-31-19-83 kernel: rtc_cmos 00:00: RTC can wake from S4
Nov 23 02:48:07 ip-172-31-19-83 kernel: rtc_cmos 00:00: registered as rtc0
Nov 23 02:48:07 ip-172-31-19-83 kernel: nvme nvme0: 2/0/0 default/read/poll queues
Nov 23 02:48:07 ip-172-31-19-83 kernel: rtc_cmos 00:00: setting system clock to 2024-11-23T02:48:07 UTC (1732330087)
Nov 23 02:48:07 ip-172-31-19-83 kernel: rtc_cmos 00:00: alarms up to one day, 114 bytes nvram
Nov 23 02:48:07 ip-172-31-19-83 kernel: intel_pstate: CPU model not supported
Nov 23 02:48:07 ip-172-31-19-83 kernel: GPT:Primary header thinks Alt. header is not at the end of the disk.
Nov 23 02:48:07 ip-172-31-19-83 kernel: hid: raw HID events driver (C) Jiri Kosina
Nov 23 02:48:07 ip-172-31-19-83 kernel: GPT:16777215 != 20971519
Nov 23 02:48:07 ip-172-31-19-83 kernel: NET: Registered protocol family 10
Nov 23 02:48:07 ip-172-31-19-83 kernel: GPT:Alternate GPT header not at the end of the disk.
Nov 23 02:48:07 ip-172-31-19-83 kernel: GPT:16777215 != 20971519
Nov 23 02:48:07 ip-172-31-19-83 kernel: Segment Routing with IPv6
Nov 23 02:48:07 ip-172-31-19-83 kernel: GPT: Use GNU Parted to correct GPT errors.
Nov 23 02:48:07 ip-172-31-19-83 kernel: NET: Registered protocol family 17
Nov 23 02:48:07 ip-172-31-19-83 kernel: nvme0n1: p1 p128
Nov 23 02:48:07 ip-172-31-19-83 kernel: IPI shorthand broadcast: enabled
Nov 23 02:48:07 ip-172-31-19-83 kernel: sched_clock: Marking stable (1190794106, 763891513)->(2446915827, -492230208)
Nov 23 02:48:07 ip-172-31-19-83 kernel: registered taskstats version 1
Nov 23 02:48:07 ip-172-31-19-83 kernel: Loading compiled-in X.509 certificates
Nov 23 02:48:07 ip-172-31-19-83 kernel: Loaded X.509 cert 'Build time autogenerated kernel key: 0c2cd2e1e74309b74d9b3c690e66a370cc9e16d8'
Nov 23 02:48:07 ip-172-31-19-83 kernel: zswap: loaded using pool lzo/zbud
Nov 23 02:48:07 ip-172-31-19-83 kernel: Key type .fscrypt registered
Nov 23 02:48:07 ip-172-31-19-83 kernel: Key type fscrypt-provisioning registered
Nov 23 02:48:07 ip-172-31-19-83 kernel: ima: No TPM chip found, activating TPM-bypass!
Nov 23 02:48:07 ip-172-31-19-83 kernel: ima: Allocated hash algorithm: sha1
Nov 23 02:48:07 ip-172-31-19-83 kernel: ima: No architecture policies found
Nov 23 02:48:07 ip-172-31-19-83 kernel: clk: Disabling unused clocks
Nov 23 02:48:07 ip-172-31-19-83 kernel: Freeing unused decrypted memory: 2036K
Nov 23 02:48:07 ip-172-31-19-83 kernel: Freeing unused kernel image (initmem) memory: 2464K
Nov 23 02:48:07 ip-172-31-19-83 kernel: Write protecting the kernel read-only data: 22528k
Nov 23 02:48:07 ip-172-31-19-83 kernel: Freeing unused kernel image (text/rodata gap) memory: 2032K
Nov 23 02:48:07 ip-172-31-19-83 kernel: Freeing unused kernel image (rodata/data gap) memory: 128K
Nov 23 02:48:07 ip-172-31-19-83 kernel: Run /init as init process
Nov 23 02:48:07 ip-172-31-19-83 systemd[1]: systemd 219 running in system mode. (+PAM +AUDIT +SELINUX +IMA -APPARMOR +SMACK +SYSVINIT +UTMP +LIBCRYPTSETUP +GCRYPT +GNUTLS +ACL +XZ +LZ4 -SECCOMP +BLKID +ELFUTILS +KMOD +IDN)
Nov 23 02:48:07 ip-172-31-19-83 systemd[1]: Detected virtualization amazon.
Nov 23 02:48:07 ip-172-31-19-83 systemd[1]: Detected architecture x86-64.
Nov 23 02:48:07 ip-172-31-19-83 systemd[1]: Running in initial RAM disk.
Nov 23 02:48:07 ip-172-31-19-83 systemd[1]: No hostname configured.
Nov 23 02:48:07 ip-172-31-19-83 systemd[1]: Set hostname to <localhost>.
Nov 23 02:48:07 ip-172-31-19-83 systemd[1]: Initializing machine ID from VM UUID.
Nov 23 02:48:07 ip-172-31-19-83 systemd[1]: Started Dispatch Password Requests to Console Directory Watch.
Nov 23 02:48:07 ip-172-31-19-83 systemd[1]: Reached target Swap.
Nov 23 02:48:07 ip-172-31-19-83 systemd[1]: Reached target Timers.
Nov 23 02:48:07 ip-172-31-19-83 journal: Journal started
Nov 23 02:48:07 ip-172-31-19-83 systemd-udevd: starting version 219
Nov 23 02:48:07 ip-172-31-19-83 systemd-udevd: Network interface NamePolicy= disabled on kernel command line, ignoring.
Nov 23 02:48:07 ip-172-31-19-83 systemd: Started udev Kernel Device Manager.
Nov 23 02:48:07 ip-172-31-19-83 systemd: Starting dracut pre-trigger hook...
Nov 23 02:48:07 ip-172-31-19-83 systemd: Started dracut pre-trigger hook.
Nov 23 02:48:07 ip-172-31-19-83 systemd: Starting udev Coldplug all Devices...
Nov 23 02:48:07 ip-172-31-19-83 systemd-udevd: Network interface NamePolicy= disabled on kernel command line, ignoring.
Nov 23 02:48:07 ip-172-31-19-83 systemd: Started udev Coldplug all Devices.
Nov 23 02:48:07 ip-172-31-19-83 systemd: Reached target System Initialization.
Nov 23 02:48:07 ip-172-31-19-83 systemd: Reached target Basic System.
Nov 23 02:48:07 ip-172-31-19-83 systemd: Starting dracut initqueue hook...
Nov 23 02:48:07 ip-172-31-19-83 systemd: Found device Amazon Elastic Block Store /.
Nov 23 02:48:07 ip-172-31-19-83 systemd: Starting File System Check on /dev/disk/by-uuid/33e2260f-ca11-4835-8455-89cfa1ba7201...
Nov 23 02:48:07 ip-172-31-19-83 systemd-fsck: fsck.xfs doesn't exist, not checking file system on /dev/disk/by-uuid/33e2260f-ca11-4835-8455-89cfa1ba7201
Nov 23 02:48:07 ip-172-31-19-83 systemd: Started File System Check on /dev/disk/by-uuid/33e2260f-ca11-4835-8455-89cfa1ba7201.
Nov 23 02:48:07 ip-172-31-19-83 systemd: Started dracut initqueue hook.
Nov 23 02:48:07 ip-172-31-19-83 systemd: Mounting /sysroot...
Nov 23 02:48:07 ip-172-31-19-83 systemd: Reached target Remote File Systems (Pre).
Nov 23 02:48:07 ip-172-31-19-83 systemd: Reached target Remote File Systems.
Nov 23 02:48:07 ip-172-31-19-83 kernel: XFS (nvme0n1p1): Mounting V5 Filesystem
Nov 23 02:48:08 ip-172-31-19-83 kernel: XFS (nvme0n1p1): Ending clean mount
Nov 23 02:48:08 ip-172-31-19-83 kernel: input: AT Translated Set 2 keyboard as /devices/platform/i8042/serio0/input/input0
Nov 23 02:48:08 ip-172-31-19-83 systemd: Mounted /sysroot.
Nov 23 02:48:08 ip-172-31-19-83 systemd: Reached target Initrd Root File System.
Nov 23 02:48:08 ip-172-31-19-83 systemd: Starting Reload Configuration from the Real Root...
Nov 23 02:48:08 ip-172-31-19-83 systemd: Reloading.
Nov 23 02:48:08 ip-172-31-19-83 systemd: Started Reload Configuration from the Real Root.
Nov 23 02:48:08 ip-172-31-19-83 systemd: Reached target Initrd File Systems.
Nov 23 02:48:08 ip-172-31-19-83 systemd: Reached target Initrd Default Target.
Nov 23 02:48:08 ip-172-31-19-83 systemd: Starting dracut pre-pivot and cleanup hook...
Nov 23 02:48:08 ip-172-31-19-83 systemd: Started dracut pre-pivot and cleanup hook.
Nov 23 02:48:08 ip-172-31-19-83 systemd: Starting Cleaning Up and Shutting Down Daemons...
Nov 23 02:48:08 ip-172-31-19-83 systemd: Stopped target Timers.
Nov 23 02:48:08 ip-172-31-19-83 systemd: Stopped dracut pre-pivot and cleanup hook.
Nov 23 02:48:08 ip-172-31-19-83 systemd: Stopped target Initrd Default Target.
Nov 23 02:48:08 ip-172-31-19-83 systemd: Stopped target Basic System.
Nov 23 02:48:08 ip-172-31-19-83 systemd: Stopped target System Initialization.
Nov 23 02:48:08 ip-172-31-19-83 systemd: Stopped target Swap.
Nov 23 02:48:08 ip-172-31-19-83 systemd: Stopped Apply Kernel Variables.
Nov 23 02:48:08 ip-172-31-19-83 systemd: Stopped target Local File Systems.
Nov 23 02:48:08 ip-172-31-19-83 systemd: Stopped target Slices.
Nov 23 02:48:08 ip-172-31-19-83 systemd: Stopped target Paths.
Nov 23 02:48:08 ip-172-31-19-83 systemd: Stopped Dispatch Password Requests to Console Directory Watch.
Nov 23 02:48:08 ip-172-31-19-83 systemd: Stopped target Remote File Systems.
Nov 23 02:48:08 ip-172-31-19-83 systemd: Stopped target Remote File Systems (Pre).
Nov 23 02:48:08 ip-172-31-19-83 systemd: Stopped dracut initqueue hook.
Nov 23 02:48:08 ip-172-31-19-83 systemd: Stopped udev Coldplug all Devices.
Nov 23 02:48:08 ip-172-31-19-83 systemd: Stopped dracut pre-trigger hook.
Nov 23 02:48:08 ip-172-31-19-83 systemd: Stopping udev Kernel Device Manager...
Nov 23 02:48:08 ip-172-31-19-83 systemd: Stopped target Sockets.
Nov 23 02:48:08 ip-172-31-19-83 systemd: Started Cleaning Up and Shutting Down Daemons.
Nov 23 02:48:08 ip-172-31-19-83 systemd: Stopped udev Kernel Device Manager.
Nov 23 02:48:08 ip-172-31-19-83 systemd: Stopped Create Static Device Nodes in /dev.
Nov 23 02:48:08 ip-172-31-19-83 systemd: Stopped Create list of required static device nodes for the current kernel.
Nov 23 02:48:08 ip-172-31-19-83 systemd: Closed udev Kernel Socket.
Nov 23 02:48:08 ip-172-31-19-83 systemd: Closed udev Control Socket.
Nov 23 02:48:08 ip-172-31-19-83 systemd: Starting Cleanup udevd DB...
Nov 23 02:48:08 ip-172-31-19-83 systemd: Started Cleanup udevd DB.
Nov 23 02:48:08 ip-172-31-19-83 systemd: Reached target Switch Root.
Nov 23 02:48:08 ip-172-31-19-83 systemd: Starting Switch Root...
Nov 23 02:48:08 ip-172-31-19-83 systemd: Switching root.
Nov 23 02:48:08 ip-172-31-19-83 journal: Journal stopped
Nov 23 02:48:09 ip-172-31-19-83 journal: Runtime journal is using 5.8M (max allowed 46.3M, trying to leave 69.5M free of 452.2M available → current limit 46.3M).
Nov 23 02:48:09 ip-172-31-19-83 systemd-journald[762]: Received SIGTERM from PID 1 (systemd).
Nov 23 02:48:09 ip-172-31-19-83 kernel: printk: systemd: 18 output lines suppressed due to ratelimiting
Nov 23 02:48:09 ip-172-31-19-83 kernel: SELinux:  Runtime disable is deprecated, use selinux=0 on the kernel cmdline.
Nov 23 02:48:09 ip-172-31-19-83 kernel: SELinux:  Disabled at runtime.
Nov 23 02:48:09 ip-172-31-19-83 kernel: audit: type=1404 audit(1732330088.563:2): enforcing=0 old_enforcing=0 auid=4294967295 ses=4294967295 enabled=0 old-enabled=1 lsm=selinux res=1
Nov 23 02:48:09 ip-172-31-19-83 kernel: xfs filesystem being remounted at / supports timestamps until 2038-01-19 (0x7fffffff)
Nov 23 02:48:09 ip-172-31-19-83 journal: Journal started
Nov 23 02:48:09 ip-172-31-19-83 systemd: systemd 219 running in system mode. (+PAM +AUDIT +SELINUX +IMA -APPARMOR +SMACK +SYSVINIT +UTMP +LIBCRYPTSETUP +GCRYPT +GNUTLS +ACL +XZ +LZ4 -SECCOMP +BLKID +ELFUTILS +KMOD +IDN)
Nov 23 02:48:09 ip-172-31-19-83 systemd: Detected virtualization amazon.
Nov 23 02:48:09 ip-172-31-19-83 systemd: Detected architecture x86-64.
Nov 23 02:48:09 ip-172-31-19-83 systemd: Set hostname to <ip-172-31-16-28.eu-central-1.compute.internal>.
Nov 23 02:48:09 ip-172-31-19-83 systemd: Cannot add dependency job for unit display-manager.service, ignoring: Unit not found.
Nov 23 02:48:09 ip-172-31-19-83 systemd: Starting Flush Journal to Persistent Storage...
Nov 23 02:48:09 ip-172-31-19-83 systemd: Started LVM2 metadata daemon.
Nov 23 02:48:09 ip-172-31-19-83 systemd: Started Create Static Device Nodes in /dev.
Nov 23 02:48:09 ip-172-31-19-83 systemd: Started Relabel kernel modules early in the boot, if needed.
Nov 23 02:48:09 ip-172-31-19-83 systemd: Started udev Coldplug all Devices.
Nov 23 02:48:09 ip-172-31-19-83 systemd: Starting udev Wait for Complete Device Initialization...
Nov 23 02:48:09 ip-172-31-19-83 systemd: Starting Load Kernel Modules...
Nov 23 02:48:09 ip-172-31-19-83 systemd: Starting udev Kernel Device Manager...
Nov 23 02:48:09 ip-172-31-19-83 systemd: Started Configure read-only root support.
Nov 23 02:48:09 ip-172-31-19-83 systemd: Starting Load/Save Random Seed...
Nov 23 02:48:09 ip-172-31-19-83 systemd-udevd: starting version 219
Nov 23 02:48:09 ip-172-31-19-83 systemd: Started Load/Save Random Seed.
Nov 23 02:48:09 ip-172-31-19-83 systemd-udevd: Network interface NamePolicy= disabled on kernel command line, ignoring.
Nov 23 02:48:09 ip-172-31-19-83 systemd: Started Flush Journal to Persistent Storage.
Nov 23 02:48:09 ip-172-31-19-83 kernel: pps_core: LinuxPPS API ver. 1 registered
Nov 23 02:48:09 ip-172-31-19-83 kernel: pps_core: Software ver. 5.3.6 - Copyright 2005-2007 Rodolfo Giometti <giometti@linux.it>
Nov 23 02:48:09 ip-172-31-19-83 systemd: Started udev Kernel Device Manager.
Nov 23 02:48:09 ip-172-31-19-83 systemd: Starting Show Plymouth Boot Screen...
Nov 23 02:48:09 ip-172-31-19-83 kernel: PTP clock support registered
Nov 23 02:48:09 ip-172-31-19-83 kernel: input: Power Button as /devices/LNXSYSTM:00/LNXPWRBN:00/input/input3
Nov 23 02:48:09 ip-172-31-19-83 systemd: Found device /dev/ttyS0.
Nov 23 02:48:09 ip-172-31-19-83 systemd: Received SIGRTMIN+20 from PID 1630 (plymouthd).
Nov 23 02:48:09 ip-172-31-19-83 systemd: Started Show Plymouth Boot Screen.
Nov 23 02:48:09 ip-172-31-19-83 systemd: Started Forward Password Requests to Plymouth Directory Watch.
Nov 23 02:48:09 ip-172-31-19-83 kernel: ena 0000:00:05.0: Elastic Network Adapter (ENA) v2.13.0g
Nov 23 02:48:09 ip-172-31-19-83 kernel: ena 0000:00:05.0: ENA device version: 0.10
Nov 23 02:48:09 ip-172-31-19-83 kernel: ena 0000:00:05.0: ENA controller version: 0.0.1 implementation version 1
Nov 23 02:48:09 ip-172-31-19-83 kernel: input: ImPS/2 Generic Wheel Mouse as /devices/platform/i8042/serio1/input/input4
Nov 23 02:48:09 ip-172-31-19-83 kernel: ACPI: Power Button [PWRF]
Nov 23 02:48:09 ip-172-31-19-83 kernel: input: Sleep Button as /devices/LNXSYSTM:00/LNXSLPBN:00/input/input5
Nov 23 02:48:09 ip-172-31-19-83 kernel: ACPI: Sleep Button [SLPF]
Nov 23 02:48:09 ip-172-31-19-83 kernel: mousedev: PS/2 mouse device common for all mice
Nov 23 02:48:09 ip-172-31-19-83 kernel: cryptd: max_cpu_qlen set to 1000
Nov 23 02:48:09 ip-172-31-19-83 kernel: AVX2 version of gcm_enc/dec engaged.
Nov 23 02:48:09 ip-172-31-19-83 kernel: AES CTR mode by8 optimization enabled
Nov 23 02:48:09 ip-172-31-19-83 kernel: ena 0000:00:05.0: LLQ is not supported Fallback to host mode policy.
Nov 23 02:48:09 ip-172-31-19-83 kernel: ena 0000:00:05.0: Elastic Network Adapter (ENA) found at mem febf4000, mac addr 02:f7:ed:cb:6c:3b
Nov 23 02:48:09 ip-172-31-19-83 systemd-modules-load: Inserted module 'ena'
Nov 23 02:48:09 ip-172-31-19-83 systemd: Started Load Kernel Modules.
Nov 23 02:48:09 ip-172-31-19-83 systemd: Starting Apply Kernel Variables...
Nov 23 02:48:09 ip-172-31-19-83 systemd: Started Apply Kernel Variables.
Nov 23 02:48:09 ip-172-31-19-83 systemd: Starting Relabel kernel modules early in the boot, if needed...
Nov 23 02:48:09 ip-172-31-19-83 systemd: Created slice system-ec2net\x2difup.slice.
Nov 23 02:48:09 ip-172-31-19-83 systemd: Started Relabel kernel modules early in the boot, if needed.
Nov 23 02:48:09 ip-172-31-19-83 systemd: Found device Elastic Network Adapter (ENA).
Nov 23 02:48:09 ip-172-31-19-83 systemd: Started udev Wait for Complete Device Initialization.
Nov 23 02:48:09 ip-172-31-19-83 systemd: Starting Activation of DM RAID sets...
Nov 23 02:48:09 ip-172-31-19-83 kernel: device-mapper: uevent: version 1.0.3
Nov 23 02:48:09 ip-172-31-19-83 kernel: device-mapper: ioctl: 4.43.0-ioctl (2020-10-01) initialised: dm-devel@redhat.com
Nov 23 02:48:09 ip-172-31-19-83 systemd: Started Monitoring of LVM2 mirrors, snapshots etc. using dmeventd or progress polling.
Nov 23 02:48:09 ip-172-31-19-83 systemd: Reached target Local File Systems (Pre).
Nov 23 02:48:09 ip-172-31-19-83 systemd: Started Activation of DM RAID sets.
Nov 23 02:48:09 ip-172-31-19-83 systemd: Reached target Local Encrypted Volumes.
Nov 23 02:48:09 ip-172-31-19-83 systemd: Reached target Local File Systems.
Nov 23 02:48:09 ip-172-31-19-83 systemd: Starting Preprocess NFS configuration...
Nov 23 02:48:09 ip-172-31-19-83 systemd: Starting Tell Plymouth To Write Out Runtime Data...
Nov 23 02:48:09 ip-172-31-19-83 systemd: Starting Create Volatile Files and Directories...
Nov 23 02:48:09 ip-172-31-19-83 systemd: Started Preprocess NFS configuration.
Nov 23 02:48:09 ip-172-31-19-83 systemd: Started Tell Plymouth To Write Out Runtime Data.
Nov 23 02:48:09 ip-172-31-19-83 systemd: Started Create Volatile Files and Directories.
Nov 23 02:48:09 ip-172-31-19-83 systemd: Mounting RPC Pipe File System...
Nov 23 02:48:09 ip-172-31-19-83 systemd: Starting Security Auditing Service...
Nov 23 02:48:09 ip-172-31-19-83 kernel: RPC: Registered named UNIX socket transport module.
Nov 23 02:48:09 ip-172-31-19-83 kernel: RPC: Registered udp transport module.
Nov 23 02:48:09 ip-172-31-19-83 kernel: RPC: Registered tcp transport module.
Nov 23 02:48:10 ip-172-31-19-83 kernel: RPC: Registered tcp NFSv4.1 backchannel transport module.
Nov 23 02:48:10 ip-172-31-19-83 auditd[1774]: Started dispatcher: /sbin/audispd pid: 1776
Nov 23 02:48:10 ip-172-31-19-83 auditd[1774]: Init complete, auditd 2.8.1 listening for events (startup state enable)
Nov 23 02:48:10 ip-172-31-19-83 systemd: Mounted RPC Pipe File System.
Nov 23 02:48:10 ip-172-31-19-83 systemd: Reached target rpc_pipefs.target.
Nov 23 02:48:10 ip-172-31-19-83 audispd: No plugins found, exiting
Nov 23 02:48:10 ip-172-31-19-83 augenrules: /sbin/augenrules: No change
Nov 23 02:48:10 ip-172-31-19-83 augenrules: No rules
Nov 23 02:48:10 ip-172-31-19-83 augenrules: enabled 1
Nov 23 02:48:10 ip-172-31-19-83 augenrules: failure 1
Nov 23 02:48:10 ip-172-31-19-83 augenrules: pid 1774
Nov 23 02:48:10 ip-172-31-19-83 augenrules: rate_limit 0
Nov 23 02:48:10 ip-172-31-19-83 augenrules: backlog_limit 8192
Nov 23 02:48:10 ip-172-31-19-83 augenrules: lost 0
Nov 23 02:48:10 ip-172-31-19-83 augenrules: backlog 0
Nov 23 02:48:10 ip-172-31-19-83 augenrules: backlog_wait_time 15000
Nov 23 02:48:10 ip-172-31-19-83 augenrules: enabled 1
Nov 23 02:48:10 ip-172-31-19-83 augenrules: failure 1
Nov 23 02:48:10 ip-172-31-19-83 augenrules: pid 1774
Nov 23 02:48:10 ip-172-31-19-83 augenrules: rate_limit 0
Nov 23 02:48:10 ip-172-31-19-83 augenrules: backlog_limit 8192
Nov 23 02:48:10 ip-172-31-19-83 augenrules: lost 0
Nov 23 02:48:10 ip-172-31-19-83 augenrules: backlog 0
Nov 23 02:48:10 ip-172-31-19-83 augenrules: backlog_wait_time 15000
Nov 23 02:48:10 ip-172-31-19-83 systemd: Started Security Auditing Service.
Nov 23 02:48:10 ip-172-31-19-83 systemd: Starting Update UTMP about System Boot/Shutdown...
Nov 23 02:48:10 ip-172-31-19-83 systemd: Started Update UTMP about System Boot/Shutdown.
Nov 23 02:48:10 ip-172-31-19-83 systemd: Reached target System Initialization.
Nov 23 02:48:10 ip-172-31-19-83 systemd: Started Flexible branding.
Nov 23 02:48:10 ip-172-31-19-83 systemd: Reached target Paths.
Nov 23 02:48:10 ip-172-31-19-83 systemd: Listening on RPCbind Server Activation Socket.
Nov 23 02:48:10 ip-172-31-19-83 systemd: Starting RPC bind service...
Nov 23 02:48:10 ip-172-31-19-83 systemd: Listening on D-Bus System Message Bus Socket.
Nov 23 02:48:10 ip-172-31-19-83 systemd: Reached target Sockets.
Nov 23 02:48:10 ip-172-31-19-83 systemd: Reached target Basic System.
Nov 23 02:48:10 ip-172-31-19-83 systemd: Starting Initial cloud-init job (pre-networking)...
Nov 23 02:48:10 ip-172-31-19-83 systemd: Starting ACPI Event Daemon...
Nov 23 02:48:10 ip-172-31-19-83 systemd: Starting Dump dmesg to /var/log/dmesg...
Nov 23 02:48:10 ip-172-31-19-83 systemd: Starting GSSAPI Proxy Daemon...
Nov 23 02:48:10 ip-172-31-19-83 systemd: Starting Hardware RNG Entropy Gatherer Wake threshold service...
Nov 23 02:48:10 ip-172-31-19-83 systemd: Started libstoragemgmt plug-in server daemon.
Nov 23 02:48:10 ip-172-31-19-83 systemd: Starting Resets System Activity Logs...
Nov 23 02:48:10 ip-172-31-19-83 systemd: Starting NTP client/server...
Nov 23 02:48:10 ip-172-31-19-83 systemd: Starting Login Service...
Nov 23 02:48:10 ip-172-31-19-83 systemd: Started irqbalance daemon.
Nov 23 02:48:10 ip-172-31-19-83 systemd: Started D-Bus System Message Bus.
Nov 23 02:48:10 ip-172-31-19-83 acpid: starting up with netlink and the input layer
Nov 23 02:48:10 ip-172-31-19-83 acpid: skipping incomplete file /etc/acpi/events/videoconf
Nov 23 02:48:10 ip-172-31-19-83 acpid: 2 rules loaded
Nov 23 02:48:10 ip-172-31-19-83 acpid: waiting for events: event logging is off
Nov 23 02:48:10 ip-172-31-19-83 chronyd[1821]: chronyd version 4.2 starting (+CMDMON +NTP +REFCLOCK +RTC +PRIVDROP +SCFILTER +SIGND +ASYNCDNS -NTS +SECHASH +IPV6 +DEBUG)
Nov 23 02:48:10 ip-172-31-19-83 systemd: Started Daily Cleanup of Temporary Directories.
Nov 23 02:48:10 ip-172-31-19-83 systemd: Reached target Timers.
Nov 23 02:48:10 ip-172-31-19-83 systemd: Started RPC bind service.
Nov 23 02:48:10 ip-172-31-19-83 systemd: Started ACPI Event Daemon.
Nov 23 02:48:10 ip-172-31-19-83 systemd: Started Dump dmesg to /var/log/dmesg.
Nov 23 02:48:10 ip-172-31-19-83 systemd: Started Hardware RNG Entropy Gatherer Wake threshold service.
Nov 23 02:48:10 ip-172-31-19-83 systemd: Started Hardware RNG Entropy Gatherer Daemon.
Nov 23 02:48:10 ip-172-31-19-83 systemd: Started Resets System Activity Logs.
Nov 23 02:48:10 ip-172-31-19-83 systemd-logind: New seat seat0.
Nov 23 02:48:10 ip-172-31-19-83 systemd: Started Login Service.
Nov 23 02:48:10 ip-172-31-19-83 chronyd[1821]: Frequency -1.255 +/- 1.722 ppm read from /var/lib/chrony/drift
Nov 23 02:48:10 ip-172-31-19-83 chronyd[1821]: Loaded seccomp filter (level 2)
Nov 23 02:48:10 ip-172-31-19-83 systemd: Started NTP client/server.
Nov 23 02:48:10 ip-172-31-19-83 systemd: Started GSSAPI Proxy Daemon.
Nov 23 02:48:10 ip-172-31-19-83 systemd: Reached target NFS client services.
Nov 23 02:48:10 ip-172-31-19-83 systemd: Reached target Remote File Systems (Pre).
Nov 23 02:48:10 ip-172-31-19-83 systemd: Reached target Remote File Systems.
Nov 23 02:48:10 ip-172-31-19-83 rngd: Disabling 5: JITTER Entropy generator (jitter)
Nov 23 02:48:10 ip-172-31-19-83 rngd: Initializing available sources
Nov 23 02:48:10 ip-172-31-19-83 rngd: Failed to init entropy source hwrng
Nov 23 02:48:10 ip-172-31-19-83 rngd: Enabling RDSEED rng support
Nov 23 02:48:10 ip-172-31-19-83 rngd: Initializing entropy source rdrand
Nov 23 02:48:11 ip-172-31-19-83 cloud-init: Cloud-init v. 19.3-46.amzn2.0.3 running 'init-local' at Sat, 23 Nov 2024 02:48:11 +0000. Up 4.70 seconds.
Nov 23 02:48:11 ip-172-31-19-83 systemd: Started Initial cloud-init job (pre-networking).
Nov 23 02:48:11 ip-172-31-19-83 systemd: Reached target Network (Pre).
Nov 23 02:48:11 ip-172-31-19-83 systemd: Starting LSB: Bring up/down networking...
Nov 23 02:48:11 ip-172-31-19-83 network: Bringing up loopback interface:  [  OK  ]
Nov 23 02:48:11 ip-172-31-19-83 network: Bringing up interface eth0:
Nov 23 02:48:11 ip-172-31-19-83 kernel: ena 0000:00:05.0 eth0: Local page cache is disabled for less than 16 channels
Nov 23 02:48:11 ip-172-31-19-83 dhclient[1980]: DHCPDISCOVER on eth0 to 255.255.255.255 port 67 interval 3 (xid=0x750828d8)
Nov 23 02:48:11 ip-172-31-19-83 dhclient[1980]: DHCPREQUEST on eth0 to 255.255.255.255 port 67 (xid=0x750828d8)
Nov 23 02:48:11 ip-172-31-19-83 dhclient[1980]: DHCPOFFER from 172.31.16.1
Nov 23 02:48:11 ip-172-31-19-83 dhclient[1980]: DHCPACK from 172.31.16.1 (xid=0x750828d8)
Nov 23 02:48:11 ip-172-31-19-83 NET: dhclient: Locked /run/dhclient/resolv.lock
Nov 23 02:48:11 ip-172-31-19-83 NET[2039]: /usr/sbin/dhclient-script : updated /etc/resolv.conf
Nov 23 02:48:11 ip-172-31-19-83 dhclient[1980]: bound to 172.31.19.83 -- renewal in 1568 seconds.
Nov 23 02:48:11 ip-172-31-19-83 ec2net: [get_meta] Querying IMDS for meta-data/network/interfaces/macs/02:f7:ed:cb:6c:3b/local-ipv4s
Nov 23 02:48:11 ip-172-31-19-83 ec2net: [get_meta] Getting token for IMDSv2.
Nov 23 02:48:11 ip-172-31-19-83 network: Determining IP information for eth0... done.
Nov 23 02:48:11 ip-172-31-19-83 ec2net: [get_meta] Trying to get http://169.254.169.254/latest/meta-data/network/interfaces/macs/02:f7:ed:cb:6c:3b/local-ipv4s
Nov 23 02:48:11 ip-172-31-19-83 ec2net: [remove_aliases] Removing aliases of eth0
Nov 23 02:48:11 ip-172-31-19-83 network: Determining IPv6 information for eth0... done.
Nov 23 02:48:11 ip-172-31-19-83 network: [  OK  ]
Nov 23 02:48:11 ip-172-31-19-83 systemd: Started LSB: Bring up/down networking.
Nov 23 02:48:11 ip-172-31-19-83 systemd: Starting Initial cloud-init job (metadata service crawler)...
Nov 23 02:48:11 ip-172-31-19-83 systemd: Reached target Network.
Nov 23 02:48:11 ip-172-31-19-83 systemd: Starting Postfix Mail Transport Agent...
Nov 23 02:48:12 ip-172-31-19-83 cloud-init: Cloud-init v. 19.3-46.amzn2.0.3 running 'init' at Sat, 23 Nov 2024 02:48:12 +0000. Up 5.80 seconds.
Nov 23 02:48:12 ip-172-31-19-83 cloud-init: ci-info: ++++++++++++++++++++++++++++++++++++++Net device info++++++++++++++++++++++++++++++++++++++
Nov 23 02:48:12 ip-172-31-19-83 cloud-init: ci-info: +--------+------+----------------------------+---------------+--------+-------------------+
Nov 23 02:48:12 ip-172-31-19-83 cloud-init: ci-info: | Device |  Up  |          Address           |      Mask     | Scope  |     Hw-Address    |
Nov 23 02:48:12 ip-172-31-19-83 cloud-init: ci-info: +--------+------+----------------------------+---------------+--------+-------------------+
Nov 23 02:48:12 ip-172-31-19-83 cloud-init: ci-info: |  eth0  | True |        172.31.19.83        | 255.255.240.0 | global | 02:f7:ed:cb:6c:3b |
Nov 23 02:48:12 ip-172-31-19-83 cloud-init: ci-info: |  eth0  | True | fe80::f7:edff:fecb:6c3b/64 |       .       |  link  | 02:f7:ed:cb:6c:3b |
Nov 23 02:48:12 ip-172-31-19-83 cloud-init: ci-info: |   lo   | True |         127.0.0.1          |   255.0.0.0   |  host  |         .         |
Nov 23 02:48:12 ip-172-31-19-83 cloud-init: ci-info: |   lo   | True |          ::1/128           |       .       |  host  |         .         |
Nov 23 02:48:12 ip-172-31-19-83 cloud-init: ci-info: +--------+------+----------------------------+---------------+--------+-------------------+
Nov 23 02:48:12 ip-172-31-19-83 cloud-init: ci-info: ++++++++++++++++++++++++++++++++Route IPv4 info++++++++++++++++++++++++++++++++
Nov 23 02:48:12 ip-172-31-19-83 cloud-init: ci-info: +-------+-----------------+-------------+-----------------+-----------+-------+
Nov 23 02:48:12 ip-172-31-19-83 cloud-init: ci-info: | Route |   Destination   |   Gateway   |     Genmask     | Interface | Flags |
Nov 23 02:48:12 ip-172-31-19-83 cloud-init: ci-info: +-------+-----------------+-------------+-----------------+-----------+-------+
Nov 23 02:48:12 ip-172-31-19-83 cloud-init: ci-info: |   0   |     0.0.0.0     | 172.31.16.1 |     0.0.0.0     |    eth0   |   UG  |
Nov 23 02:48:12 ip-172-31-19-83 cloud-init: ci-info: |   1   | 169.254.169.254 |   0.0.0.0   | 255.255.255.255 |    eth0   |   UH  |
Nov 23 02:48:12 ip-172-31-19-83 cloud-init: ci-info: |   2   |   172.31.16.0   |   0.0.0.0   |  255.255.240.0  |    eth0   |   U   |
Nov 23 02:48:12 ip-172-31-19-83 cloud-init: ci-info: +-------+-----------------+-------------+-----------------+-----------+-------+
Nov 23 02:48:12 ip-172-31-19-83 cloud-init: ci-info: +++++++++++++++++++Route IPv6 info+++++++++++++++++++
Nov 23 02:48:12 ip-172-31-19-83 cloud-init: ci-info: +-------+-------------+---------+-----------+-------+
Nov 23 02:48:12 ip-172-31-19-83 cloud-init: ci-info: | Route | Destination | Gateway | Interface | Flags |
Nov 23 02:48:12 ip-172-31-19-83 cloud-init: ci-info: +-------+-------------+---------+-----------+-------+
Nov 23 02:48:12 ip-172-31-19-83 cloud-init: ci-info: |   9   |  fe80::/64  |    ::   |    eth0   |   U   |
Nov 23 02:48:12 ip-172-31-19-83 cloud-init: ci-info: |   11  |    local    |    ::   |    eth0   |   U   |
Nov 23 02:48:12 ip-172-31-19-83 cloud-init: ci-info: |   12  |  multicast  |    ::   |    eth0   |   U   |
Nov 23 02:48:12 ip-172-31-19-83 cloud-init: ci-info: +-------+-------------+---------+-----------+-------+
Nov 23 02:48:12 ip-172-31-19-83 dhclient[2102]: XMT: Solicit on eth0, interval 1070ms.
Nov 23 02:48:12 ip-172-31-19-83 systemd: Started Postfix Mail Transport Agent.
Nov 23 02:48:12 ip-172-31-19-83 dbus[1815]: [system] Activating via systemd: service name='org.freedesktop.hostname1' unit='dbus-org.freedesktop.hostname1.service'
Nov 23 02:48:12 ip-172-31-19-83 systemd: Starting Hostname Service...
Nov 23 02:48:12 ip-172-31-19-83 dbus[1815]: [system] Successfully activated service 'org.freedesktop.hostname1'
Nov 23 02:48:12 ip-172-31-19-83 systemd-hostnamed: Changed static host name to 'ip-172-31-19-83.eu-central-1.compute.internal'
Nov 23 02:48:12 ip-172-31-19-83 systemd: Started Hostname Service.
Nov 23 02:48:12 ip-172-31-19-83 systemd-hostnamed: Changed host name to 'ip-172-31-19-83.eu-central-1.compute.internal'
Nov 23 02:48:13 ip-172-31-19-83 systemd: Started Initial cloud-init job (metadata service crawler).
Nov 23 02:48:13 ip-172-31-19-83 systemd: Reached target Network is Online.
Nov 23 02:48:13 ip-172-31-19-83 systemd: Starting Notify NFS peers of a restart...
Nov 23 02:48:13 ip-172-31-19-83 systemd: Started amazon-ssm-agent.
Nov 23 02:48:13 ip-172-31-19-83 systemd: Starting Dynamically Generate Message Of The Day...
Nov 23 02:48:13 ip-172-31-19-83 systemd: Starting System Logging Service...
Nov 23 02:48:13 ip-172-31-19-83 systemd: Starting Finds and configures elastic network interfaces...
Nov 23 02:48:13 ip-172-31-19-83 systemd: Starting OpenSSH Server Key Generation...
Nov 23 02:48:13 ip-172-31-19-83 systemd: Starting Permit User Sessions...
Nov 23 02:48:13 ip-172-31-19-83 systemd: Reached target Cloud-config availability.
Nov 23 02:48:13 ip-172-31-19-83 systemd: Starting Apply the settings specified in cloud-config...
Nov 23 02:48:13 ip-172-31-19-83 sm-notify[2339]: Version 1.3.0 starting
Nov 23 02:48:13 ip-172-31-19-83 systemd: Started Notify NFS peers of a restart.
Nov 23 02:48:13 ip-172-31-19-83 systemd: Started Permit User Sessions.
Nov 23 02:48:13 ip-172-31-19-83 systemd: Started Job spooling tools.
Nov 23 02:48:13 ip-172-31-19-83 ec2net: [ec2ifscan] Scanning for unconfigured interfaces
Nov 23 02:48:13 ip-172-31-19-83 systemd: Starting Terminate Plymouth Boot Screen...
Nov 23 02:48:13 ip-172-31-19-83 systemd: Started Command Scheduler.
Nov 23 02:48:13 ip-172-31-19-83 systemd: Starting Wait for Plymouth Boot Screen to Quit...
Nov 23 02:48:13 ip-172-31-19-83 rsyslogd: [origin software="rsyslogd" swVersion="8.24.0-57.amzn2.2.0.2" x-pid="2345" x-info="http://www.rsyslog.com"] start
Nov 23 02:48:13 ip-172-31-19-83 systemd: Started System Logging Service.
Nov 23 02:48:13 ip-172-31-19-83 systemd: Started Finds and configures elastic network interfaces.
Nov 23 02:48:13 ip-172-31-19-83 systemd: Started Dynamically Generate Message Of The Day.
Nov 23 02:48:13 ip-172-31-19-83 systemd: Received SIGRTMIN+21 from PID 1630 (plymouthd).
Nov 23 02:48:13 ip-172-31-19-83 systemd: Started Terminate Plymouth Boot Screen.
Nov 23 02:48:13 ip-172-31-19-83 systemd: Started Wait for Plymouth Boot Screen to Quit.
Nov 23 02:48:13 ip-172-31-19-83 systemd: Started Getty on tty1.
Nov 23 02:48:13 ip-172-31-19-83 systemd: Started Serial Getty on ttyS0.
Nov 23 02:48:13 ip-172-31-19-83 systemd: Reached target Login Prompts.
Nov 23 02:48:13 ip-172-31-19-83 dhclient[2102]: XMT: Solicit on eth0, interval 2160ms.
Nov 23 02:48:13 ip-172-31-19-83 amazon-ssm-agent: Error occurred fetching the seelog config file path:  open /etc/amazon/ssm/seelog.xml: no such file or directory
Nov 23 02:48:13 ip-172-31-19-83 amazon-ssm-agent: Initializing new seelog logger
Nov 23 02:48:13 ip-172-31-19-83 amazon-ssm-agent: New Seelog Logger Creation Complete
Nov 23 02:48:13 ip-172-31-19-83 amazon-ssm-agent: 2024-11-23 02:48:13.4062 INFO Proxy environment variables:
Nov 23 02:48:13 ip-172-31-19-83 sshd-keygen: Generating SSH2 RSA host key: [  OK  ]
Nov 23 02:48:13 ip-172-31-19-83 sshd-keygen: Generating SSH2 ECDSA host key: [  OK  ]
Nov 23 02:48:13 ip-172-31-19-83 sshd-keygen: Generating SSH2 ED25519 host key: [  OK  ]
Nov 23 02:48:13 ip-172-31-19-83 systemd: Started OpenSSH Server Key Generation.
Nov 23 02:48:13 ip-172-31-19-83 systemd: Starting OpenSSH server daemon...
Nov 23 02:48:13 ip-172-31-19-83 systemd: Started OpenSSH server daemon.
Nov 23 02:48:13 ip-172-31-19-83 amazon-ssm-agent: 2024-11-23 02:48:13.4063 INFO http_proxy:
Nov 23 02:48:13 ip-172-31-19-83 amazon-ssm-agent: 2024-11-23 02:48:13.4063 INFO no_proxy:
Nov 23 02:48:13 ip-172-31-19-83 cloud-init: Cloud-init v. 19.3-46.amzn2.0.3 running 'modules:config' at Sat, 23 Nov 2024 02:48:13 +0000. Up 7.23 seconds.
Nov 23 02:48:13 ip-172-31-19-83 amazon-ssm-agent: 2024-11-23 02:48:13.4063 INFO https_proxy:
Nov 23 02:48:13 ip-172-31-19-83 systemd: Started Apply the settings specified in cloud-config.
Nov 23 02:48:13 ip-172-31-19-83 systemd: Starting Execute cloud user/final scripts...
Nov 23 02:48:13 ip-172-31-19-83 systemd: Starting Initial hibernation setup job...
Nov 23 02:48:13 ip-172-31-19-83 amazon-ssm-agent: 2024-11-23 02:48:13.4063 INFO Checking if agent identity type OnPrem can be assumed
Nov 23 02:48:13 ip-172-31-19-83 amazon-ssm-agent: 2024-11-23 02:48:13.4064 INFO Checking if agent identity type EC2 can be assumed
Nov 23 02:48:13 ip-172-31-19-83 hibinit-agent: Effective config: {'grub_update': True, 'swap_percentage': 100, 'state_dir': '/var/lib/hibinit-agent', 'log_to_syslog': True, 'touch_swap': False, 'swap_mb': 4000, 'swapoff': 'swapoff {swapfile}', 'mkswap': 'mkswap {swapfile}', 'swapon': 'swapon {swapfile}', 'btrfs_enabled': False}
Nov 23 02:48:13 ip-172-31-19-83 hibinit-agent: Requesting new IMDSv2 token.
Nov 23 02:48:14 ip-172-31-19-83 hibinit-agent: Instance Launch has not enabled Hibernation Configured Flag. hibinit-agent exiting!!
Nov 23 02:48:14 ip-172-31-19-83 amazon-ssm-agent: 2024-11-23 02:48:13.4738 INFO Agent will take identity from EC2
Nov 23 02:48:14 ip-172-31-19-83 systemd: Started Initial hibernation setup job.
Nov 23 02:48:14 ip-172-31-19-83 systemd: Reached target Multi-User System.
Nov 23 02:48:14 ip-172-31-19-83 systemd: Reached target Graphical Interface.
Nov 23 02:48:14 ip-172-31-19-83 systemd: Starting Update UTMP about System Runlevel Changes...
Nov 23 02:48:14 ip-172-31-19-83 systemd: Reached target aws-eb.target.
Nov 23 02:48:14 ip-172-31-19-83 systemd: Started Update UTMP about System Runlevel Changes.
Nov 23 02:48:14 ip-172-31-19-83 amazon-ssm-agent: 2024-11-23 02:48:13.4761 INFO [amazon-ssm-agent] amazon-ssm-agent - v3.3.987.0
Nov 23 02:48:14 ip-172-31-19-83 amazon-ssm-agent: 2024-11-23 02:48:13.4761 INFO [amazon-ssm-agent] OS: linux, Arch: amd64
Nov 23 02:48:14 ip-172-31-19-83 cloud-init: Cloud-init v. 19.3-46.amzn2.0.3 running 'modules:final' at Sat, 23 Nov 2024 02:48:14 +0000. Up 7.77 seconds.
Nov 23 02:48:14 ip-172-31-19-83 [eb-cfn-init]: [2024-11-23T02:48:14Z] Started EB User Data
Nov 23 02:48:14 ip-172-31-19-83 [eb-cfn-init]: + SLEEP_TIME=2
Nov 23 02:48:14 ip-172-31-19-83 [eb-cfn-init]: + SLEEP_TIME_MAX=3600
Nov 23 02:48:14 ip-172-31-19-83 [eb-cfn-init]: + true
Nov 23 02:48:14 ip-172-31-19-83 [eb-cfn-init]: + curl https://elasticbeanstalk-platform-assets-eu-central-1.s3.eu-central-1.amazonaws.com/stalks/eb_nodejs18_amazon_linux_2_1.0.138.0_20241116002518/lib/UserDataScript.sh
Nov 23 02:48:14 ip-172-31-19-83 [eb-cfn-init]:  % Total    % Received % Xferd  Average Speed   Time    Time     Time  Current
Nov 23 02:48:14 ip-172-31-19-83 [eb-cfn-init]:                                 Dload  Upload   Total   Spent    Left  Speed
Nov 23 02:48:14 ip-172-31-19-83 amazon-ssm-agent: 2024-11-23 02:48:13.4761 INFO [amazon-ssm-agent] Starting Core Agent
Nov 23 02:48:14 ip-172-31-19-83 amazon-ssm-agent: 2024-11-23 02:48:13.4761 INFO [amazon-ssm-agent] Registrar detected. Attempting registration
Nov 23 02:48:14 ip-172-31-19-83 amazon-ssm-agent: 2024-11-23 02:48:13.4761 INFO [Registrar] Starting registrar module
Nov 23 02:48:14 ip-172-31-19-83 amazon-ssm-agent: 2024-11-23 02:48:13.4773 INFO [EC2Identity] Checking disk for registration info
Nov 23 02:48:14 ip-172-31-19-83 amazon-ssm-agent: 2024-11-23 02:48:13.4916 INFO [EC2Identity] No registration info found for ec2 instance, attempting registration
Nov 23 02:48:14 ip-172-31-19-83 amazon-ssm-agent: 2024-11-23 02:48:13.4916 INFO [EC2Identity] Found registration keys
Nov 23 02:48:14 ip-172-31-19-83 amazon-ssm-agent: 2024-11-23 02:48:13.4916 INFO [EC2Identity] Checking write access before registering
Nov 23 02:48:15 ip-172-31-19-83 amazon-ssm-agent: 2024-11-23 02:48:13.4918 INFO [EC2Identity] Registering EC2 instance with Systems Manager
Nov 23 02:48:15 ip-172-31-19-83 dhclient[2102]: XMT: Solicit on eth0, interval 4320ms.
Nov 23 02:48:16 ip-172-31-19-83 chronyd[1821]: Selected source 169.254.169.123
Nov 23 02:48:19 ip-172-31-19-83 dhclient[2102]: XMT: Solicit on eth0, interval 8820ms.
Nov 23 02:48:26 ip-172-31-19-83 [eb-cfn-init]: #015  0     0    0     0    0     0      0      0 --:--:-- --:--:-- --:--:--     0#015  0     0    0     0    0     0      0      0 --:--:-- --:--:-- --:--:--     0#015  0     0    0     0    0     0      0      0 --:--:--  0:00:01 --:--:--     0#015  0     0    0     0    0     0      0      0 --:--:--  0:00:02 --:--:--     0#015  0     0    0     0    0     0      0      0 --:--:--  0:00:04 --:--:--     0#015  0     0    0     0    0     0      0      0 --:--:--  0:00:05 --:--:--     0#015  0     0    0     0    0     0      0      0 --:--:--  0:00:06 --:--:--     0#015  0     0    0     0    0     0      0      0 --:--:--  0:00:07 --:--:--     0#015  0     0    0     0    0     0      0      0 --:--:--  0:00:08 --:--:--     0#015  0     0    0     0    0     0      0      0 --:--:--  0:00:09 --:--:--     0#015  0     0    0     0    0     0      0      0 --:--:--  0:00:10 --:--:--     0#015  0     0    0     0    0     0      0      0 --:--:--  0:00:11 --:--:--     0#015  0     0    0     0    0     0      0
Nov 23 02:48:28 ip-172-31-19-83 dhclient[2102]: XMT: Solicit on eth0, interval 17210ms.
Nov 23 02:48:28 ip-172-31-19-83 amazon-ssm-agent: 2024-11-23 02:48:28.9734 INFO [EC2Identity] EC2 registration was successful.
Nov 23 02:48:29 ip-172-31-19-83 amazon-ssm-agent: 2024-11-23 02:48:28.9734 INFO [amazon-ssm-agent] Registration attempted. Resuming core agent startup.
Nov 23 02:48:29 ip-172-31-19-83 amazon-ssm-agent: 2024-11-23 02:48:28.9736 INFO [CredentialRefresher] credentialRefresher has started
Nov 23 02:48:29 ip-172-31-19-83 amazon-ssm-agent: 2024-11-23 02:48:28.9736 INFO [CredentialRefresher] Starting credentials refresher loop
Nov 23 02:48:29 ip-172-31-19-83 amazon-ssm-agent: 2024-11-23 02:48:29.0055 WARN EC2RoleProvider Failed to connect to Systems Manager with instance profile role credentials. Err: retrieved credentials failed to report to ssm. RequestId: a97c4c38-f094-4102-aec5-708bf9a29412 Error: AccessDeniedException: User: arn:aws:sts::575108917359:assumed-role/aws-elasticbeanstalk-ec2-role/i-0bec128190d88a22e is not authorized to perform: ssm:UpdateInstanceInformation on resource: arn:aws:ec2:eu-central-1:575108917359:instance/i-0bec128190d88a22e because no identity-based policy allows the ssm:UpdateInstanceInformation action
Nov 23 02:48:29 ip-172-31-19-83 amazon-ssm-agent: status code: 400, request id: a97c4c38-f094-4102-aec5-708bf9a29412
Nov 23 02:48:29 ip-172-31-19-83 amazon-ssm-agent: 2024-11-23 02:48:29.0426 ERROR EC2RoleProvider Failed to connect to Systems Manager with SSM role credentials. error calling RequestManagedInstanceRoleToken: AccessDeniedException: Systems Manager's instance management role is not configured for account: 575108917359
Nov 23 02:48:29 ip-172-31-19-83 amazon-ssm-agent: status code: 400, request id: c9f6f1b1-deb6-4534-817f-158ee3f3f4cf
Nov 23 02:48:29 ip-172-31-19-83 amazon-ssm-agent: 2024-11-23 02:48:29.0426 ERROR [CredentialRefresher] Retrieve credentials produced error: no valid credentials could be retrieved for ec2 identity. Default Host Management Err: error calling RequestManagedInstanceRoleToken: AccessDeniedException: Systems Manager's instance management role is not configured for account: 575108917359
Nov 23 02:48:29 ip-172-31-19-83 amazon-ssm-agent: status code: 400, request id: c9f6f1b1-deb6-4534-817f-158ee3f3f4cf
Nov 23 02:48:29 ip-172-31-19-83 amazon-ssm-agent: 2024-11-23 02:48:29.0426 INFO [CredentialRefresher] Sleeping for 25m13s before retrying retrieve credentials
Nov 23 02:48:29 ip-172-31-19-83 [eb-cfn-init]:    0 --:--:--  0:00:12 --:--:--     0#015  0     0    0     0    0     0      0      0 --:--:--  0:00:13 --:--:--     0#015  0     0    0     0    0     0      0      0 --:--:--  0:00:14 --:--:--     0#015  0     0    0     0    0     0      0      0 --:--:--  0:00:15 --:--:--     0#015  0     0    0     0    0     0      0      0 --:--:--  0:00:15 --:--:--     0#015100  4627  100  4627    0     0    301      0  0:00:15  0:00:15 --:--:--  1400
Nov 23 02:48:29 ip-172-31-19-83 [eb-cfn-init]: + RESULT=0
Nov 23 02:48:29 ip-172-31-19-83 [eb-cfn-init]: + [[ 0 -ne 0 ]]
Nov 23 02:48:29 ip-172-31-19-83 [eb-cfn-init]: + /bin/bash /tmp/ebbootstrap.sh 'https://cloudformation-waitcondition-eu-central-1.s3.eu-central-1.amazonaws.com/arn%3Aaws%3Acloudformation%3Aeu-central-1%3A575108917359%3Astack/awseb-e-qmmkyzvfiz-stack/4a8c7010-a945-11ef-9609-0a1ef2289967/4a8df6b0-a945-11ef-9609-0a1ef2289967/AWSEBInstanceLaunchWaitHandle?X-Amz-Algorithm=AWS4-HMAC-SHA256&X-Amz-Date=20241123T024736Z&X-Amz-SignedHeaders=host&X-Amz-Expires=86399&X-Amz-Credential=AKIAYYGVRKE7CKDBHLUS%2F20241123%2Feu-central-1%2Fs3%2Faws4_request&X-Amz-Signature=31d00355fdf27a29fa894be9b2f747b9325ac656243cd457c773bc6477ad2e75' arn:aws:cloudformation:eu-central-1:575108917359:stack/awseb-e-qmmkyzvfiz-stack/4a8c7010-a945-11ef-9609-0a1ef2289967 27777082-5ab9-42b5-8193-907ab243bb01 https://elasticbeanstalk-health.eu-central-1.amazonaws.com '' https://elasticbeanstalk-platform-assets-eu-central-1.s3.eu-central-1.amazonaws.com/stalks/eb_nodejs18_amazon_linux_2_1.0.138.0_20241116002518 eu-central-1
Nov 23 02:48:29 ip-172-31-19-83 [eb-cfn-init]: [2024-11-23T02:48:29.774Z] Started EB Bootstrapping Script.
Nov 23 02:48:29 ip-172-31-19-83 [eb-cfn-init]: [2024-11-23T02:48:29.778Z] Received parameters:
Nov 23 02:48:29 ip-172-31-19-83 [eb-cfn-init]: TARBALLS =
Nov 23 02:48:29 ip-172-31-19-83 [eb-cfn-init]: EB_GEMS =
Nov 23 02:48:29 ip-172-31-19-83 [eb-cfn-init]: SIGNAL_URL = https://cloudformation-waitcondition-eu-central-1.s3.eu-central-1.amazonaws.com/arn%3Aaws%3Acloudformation%3Aeu-central-1%3A575108917359%3Astack/awseb-e-qmmkyzvfiz-stack/4a8c7010-a945-11ef-9609-0a1ef2289967/4a8df6b0-a945-11ef-9609-0a1ef2289967/AWSEBInstanceLaunchWaitHandle?X-Amz-Algorithm=AWS4-HMAC-SHA256&X-Amz-Date=20241123T024736Z&X-Amz-SignedHeaders=host&X-Amz-Expires=86399&X-Amz-Credential=AKIAYYGVRKE7CKDBHLUS%2F20241123%2Feu-central-1%2Fs3%2Faws4_request&X-Amz-Signature=31d00355fdf27a29fa894be9b2f747b9325ac656243cd457c773bc6477ad2e75
Nov 23 02:48:29 ip-172-31-19-83 [eb-cfn-init]: STACK_ID = arn:aws:cloudformation:eu-central-1:575108917359:stack/awseb-e-qmmkyzvfiz-stack/4a8c7010-a945-11ef-9609-0a1ef2289967
Nov 23 02:48:29 ip-172-31-19-83 [eb-cfn-init]: REGION = eu-central-1
Nov 23 02:48:29 ip-172-31-19-83 [eb-cfn-init]: GUID =
Nov 23 02:48:29 ip-172-31-19-83 [eb-cfn-init]: HEALTHD_GROUP_ID = 27777082-5ab9-42b5-8193-907ab243bb01
Nov 23 02:48:29 ip-172-31-19-83 [eb-cfn-init]: HEALTHD_ENDPOINT = https://elasticbeanstalk-health.eu-central-1.amazonaws.com
Nov 23 02:48:29 ip-172-31-19-83 [eb-cfn-init]: PROXY_SERVER =
Nov 23 02:48:29 ip-172-31-19-83 [eb-cfn-init]: HEALTHD_PROXY_LOG_LOCATION =
Nov 23 02:48:29 ip-172-31-19-83 [eb-cfn-init]: PLATFORM_ASSETS_URL = https://elasticbeanstalk-platform-assets-eu-central-1.s3.eu-central-1.amazonaws.com/stalks/eb_nodejs18_amazon_linux_2_1.0.138.0_20241116002518
Nov 23 02:48:29 ip-172-31-19-83 [eb-cfn-init]: [2024-11-23T02:48:29.785Z] engine url is set to https://elasticbeanstalk-platform-assets-eu-central-1.s3.eu-central-1.amazonaws.com/stalks/eb_nodejs18_amazon_linux_2_1.0.138.0_20241116002518/lib/platform-engine.zip
Nov 23 02:48:29 ip-172-31-19-83 [eb-cfn-init]: [2024-11-23T02:48:29.787Z] first init of instance.
Nov 23 02:48:29 ip-172-31-19-83 [eb-cfn-init]: [2024-11-23T02:48:29.789Z] Started executing cfn_init _OnInstanceBoot.
Nov 23 02:48:29 ip-172-31-19-83 [eb-cfn-init]: [2024-11-23T02:48:29.791Z] Running cfn-init ConfigSet: _OnInstanceBoot.
Nov 23 02:48:29 ip-172-31-19-83 [eb-cfn-init]: [2024-11-23T02:48:29.795Z] Using stack-id from userdata
Nov 23 02:48:30 ip-172-31-19-83 [eb-cfn-init]: [2024-11-23T02:48:30.760Z] Command Returned:
Nov 23 02:48:30 ip-172-31-19-83 [eb-cfn-init]: [2024-11-23T02:48:30.768Z] Completed executing cfn_init.
Nov 23 02:48:30 ip-172-31-19-83 [eb-cfn-init]: [2024-11-23T02:48:30.775Z] finished _OnInstanceBoot
Nov 23 02:48:30 ip-172-31-19-83 [eb-cfn-init]: --2024-11-23 02:48:30--  https://elasticbeanstalk-platform-assets-eu-central-1.s3.eu-central-1.amazonaws.com/stalks/eb_nodejs18_amazon_linux_2_1.0.138.0_20241116002518/lib/platform-engine.zip
Nov 23 02:48:30 ip-172-31-19-83 [eb-cfn-init]: Resolving elasticbeanstalk-platform-assets-eu-central-1.s3.eu-central-1.amazonaws.com (elasticbeanstalk-platform-assets-eu-central-1.s3.eu-central-1.amazonaws.com)... 52.219.72.120, 3.5.135.103, 3.5.134.185, ...
Nov 23 02:48:30 ip-172-31-19-83 [eb-cfn-init]: Connecting to elasticbeanstalk-platform-assets-eu-central-1.s3.eu-central-1.amazonaws.com (elasticbeanstalk-platform-assets-eu-central-1.s3.eu-central-1.amazonaws.com)|52.219.72.120|:443... connected.
Nov 23 02:48:30 ip-172-31-19-83 [eb-cfn-init]: HTTP request sent, awaiting response... 200 OK
Nov 23 02:48:30 ip-172-31-19-83 [eb-cfn-init]: Length: 26830517 (26M) [application/zip]
Nov 23 02:48:30 ip-172-31-19-83 [eb-cfn-init]: Saving to: ‘/tmp/platform-engine.zip’
Nov 23 02:48:30 ip-172-31-19-83 [eb-cfn-init]: 
Nov 23 02:48:30 ip-172-31-19-83 [eb-cfn-init]:     0K .......... .......... .......... .......... ..........  0% 13.9M 2s
Nov 23 02:48:30 ip-172-31-19-83 [eb-cfn-init]:    50K .......... .......... .......... .......... ..........  0% 28.5M 1s
Nov 23 02:48:30 ip-172-31-19-83 [eb-cfn-init]:   100K .......... .......... .......... .......... ..........  0% 28.8M 1s
Nov 23 02:48:30 ip-172-31-19-83 [eb-cfn-init]:   150K .......... .......... .......... .......... ..........  0% 28.3M 1s
Nov 23 02:48:30 ip-172-31-19-83 [eb-cfn-init]:   200K .......... .......... .......... .......... ..........  0% 27.1M 1s
Nov 23 02:48:30 ip-172-31-19-83 [eb-cfn-init]:   250K .......... .......... .......... .......... ..........  1% 32.4M 1s
Nov 23 02:48:30 ip-172-31-19-83 [eb-cfn-init]:   300K .......... .......... .......... .......... ..........  1% 25.2M 1s
Nov 23 02:48:30 ip-172-31-19-83 [eb-cfn-init]:   350K .......... .......... .......... .......... ..........  1%  126M 1s
Nov 23 02:48:30 ip-172-31-19-83 [eb-cfn-init]:   400K .......... .......... .......... .......... ..........  1% 18.4M 1s
Nov 23 02:48:30 ip-172-31-19-83 [eb-cfn-init]:   450K .......... .......... .......... .......... ..........  1% 11.5M 1s
Nov 23 02:48:30 ip-172-31-19-83 [eb-cfn-init]:   500K .......... .......... .......... .......... ..........  2% 13.3M 1s
Nov 23 02:48:30 ip-172-31-19-83 [eb-cfn-init]:   550K .......... .......... .......... .......... ..........  2% 19.8M 1s
Nov 23 02:48:30 ip-172-31-19-83 [eb-cfn-init]:   600K .......... .......... .......... .......... ..........  2% 32.1M 1s
Nov 23 02:48:30 ip-172-31-19-83 [eb-cfn-init]:   650K .......... .......... .......... .......... ..........  2% 26.4M 1s
Nov 23 02:48:30 ip-172-31-19-83 [eb-cfn-init]:   700K .......... .......... .......... .......... ..........  2% 32.9M 1s
Nov 23 02:48:30 ip-172-31-19-83 [eb-cfn-init]:   750K .......... .......... .......... .......... ..........  3% 33.3M 1s
Nov 23 02:48:30 ip-172-31-19-83 [eb-cfn-init]:   800K .......... .......... .......... .......... ..........  3% 25.2M 1s
Nov 23 02:48:30 ip-172-31-19-83 [eb-cfn-init]:   850K .......... .......... .......... .......... ..........  3%  303M 1s
Nov 23 02:48:30 ip-172-31-19-83 [eb-cfn-init]:   900K .......... .......... .......... .......... ..........  3%  346M 1s
Nov 23 02:48:30 ip-172-31-19-83 [eb-cfn-init]:   950K .......... .......... .......... .......... ..........  3%  260M 1s
Nov 23 02:48:30 ip-172-31-19-83 [eb-cfn-init]:  1000K .......... .......... .......... .......... ..........  4%  300M 1s
Nov 23 02:48:30 ip-172-31-19-83 [eb-cfn-init]:  1050K .......... .......... .......... .......... ..........  4%  287M 1s
Nov 23 02:48:30 ip-172-31-19-83 [eb-cfn-init]:  1100K .......... .......... .......... .......... ..........  4%  223M 1s
Nov 23 02:48:30 ip-172-31-19-83 [eb-cfn-init]:  1150K .......... .......... .......... .......... ..........  4% 12.0M 1s
Nov 23 02:48:30 ip-172-31-19-83 [eb-cfn-init]:  1200K .......... .......... .......... .......... ..........  4%  227M 1s
Nov 23 02:48:30 ip-172-31-19-83 [eb-cfn-init]:  1250K .......... .......... .......... .......... ..........  4%  248M 1s
Nov 23 02:48:30 ip-172-31-19-83 [eb-cfn-init]:  1300K .......... .......... .......... .......... ..........  5%  280M 1s
Nov 23 02:48:30 ip-172-31-19-83 [eb-cfn-init]:  1350K .......... .......... .......... .......... ..........  5%  176M 1s
Nov 23 02:48:30 ip-172-31-19-83 [eb-cfn-init]:  1400K .......... .......... .......... .......... ..........  5%  136M 1s
Nov 23 02:48:30 ip-172-31-19-83 [eb-cfn-init]:  1450K .......... .......... .......... .......... ..........  5%  126M 1s
Nov 23 02:48:30 ip-172-31-19-83 [eb-cfn-init]:  1500K .......... .......... .......... .......... ..........  5% 83.1M 1s
Nov 23 02:48:30 ip-172-31-19-83 [eb-cfn-init]:  1550K .......... .......... .......... .......... ..........  6%  114M 1s
Nov 23 02:48:30 ip-172-31-19-83 [eb-cfn-init]:  1600K .......... .......... .......... .......... ..........  6%  153M 1s
Nov 23 02:48:30 ip-172-31-19-83 [eb-cfn-init]:  1650K .......... .......... .......... .......... ..........  6%  213M 1s
Nov 23 02:48:30 ip-172-31-19-83 [eb-cfn-init]:  1700K .......... .......... .......... .......... ..........  6%  232M 1s
Nov 23 02:48:30 ip-172-31-19-83 [eb-cfn-init]:  1750K .......... .......... .......... .......... ..........  6%  163M 1s
Nov 23 02:48:30 ip-172-31-19-83 [eb-cfn-init]:  1800K .......... .......... .......... .......... ..........  7%  207M 1s
Nov 23 02:48:30 ip-172-31-19-83 [eb-cfn-init]:  1850K .......... .......... .......... .......... ..........  7% 14.5M 1s
Nov 23 02:48:30 ip-172-31-19-83 [eb-cfn-init]:  1900K .......... .......... .......... .......... ..........  7%  232M 1s
Nov 23 02:48:30 ip-172-31-19-83 [eb-cfn-init]:  1950K .......... .......... .......... .......... ..........  7%  248M 1s
Nov 23 02:48:30 ip-172-31-19-83 [eb-cfn-init]:  2000K .......... .......... .......... .......... ..........  7%  227M 1s
Nov 23 02:48:30 ip-172-31-19-83 [eb-cfn-init]:  2050K .......... .......... .......... .......... ..........  8% 89.5M 1s
Nov 23 02:48:30 ip-172-31-19-83 [eb-cfn-init]:  2100K .......... .......... .......... .......... ..........  8%  247M 1s
Nov 23 02:48:30 ip-172-31-19-83 [eb-cfn-init]:  2150K .......... .......... .......... .......... ..........  8%  261M 1s
Nov 23 02:48:30 ip-172-31-19-83 [eb-cfn-init]:  2200K .......... .......... .......... .......... ..........  8%  260M 1s
Nov 23 02:48:30 ip-172-31-19-83 [eb-cfn-init]:  2250K .......... .......... .......... .......... ..........  8%  216M 1s
Nov 23 02:48:30 ip-172-31-19-83 [eb-cfn-init]:  2300K .......... .......... .......... .......... ..........  8%  245M 1s
Nov 23 02:48:30 ip-172-31-19-83 [eb-cfn-init]:  2350K .......... .......... .......... .......... ..........  9%  216M 0s
Nov 23 02:48:30 ip-172-31-19-83 [eb-cfn-init]:  2400K .......... .......... .......... .......... ..........  9%  255M 0s
Nov 23 02:48:30 ip-172-31-19-83 [eb-cfn-init]:  2450K .......... .......... .......... .......... ..........  9%  253M 0s
Nov 23 02:48:30 ip-172-31-19-83 [eb-cfn-init]:  2500K .......... .......... .......... .......... ..........  9%  192M 0s
Nov 23 02:48:30 ip-172-31-19-83 [eb-cfn-init]:  2550K .......... .......... .......... .......... ..........  9% 97.2M 0s
Nov 23 02:48:30 ip-172-31-19-83 [eb-cfn-init]:  2600K .......... .......... .......... .......... .......... 10%  198M 0s
Nov 23 02:48:30 ip-172-31-19-83 [eb-cfn-init]:  2650K .......... .......... .......... .......... .......... 10%  237M 0s
Nov 23 02:48:30 ip-172-31-19-83 [eb-cfn-init]:  2700K .......... .......... .......... .......... .......... 10%  254M 0s
Nov 23 02:48:30 ip-172-31-19-83 [eb-cfn-init]:  2750K .......... .......... .......... .......... .......... 10% 22.6M 0s
Nov 23 02:48:30 ip-172-31-19-83 [eb-cfn-init]:  2800K .......... .......... .......... .......... .......... 10%  234M 0s
Nov 23 02:48:30 ip-172-31-19-83 [eb-cfn-init]:  2850K .......... .......... .......... .......... .......... 11%  249M 0s
Nov 23 02:48:30 ip-172-31-19-83 [eb-cfn-init]:  2900K .......... .......... .......... .......... .......... 11%  159M 0s
Nov 23 02:48:30 ip-172-31-19-83 [eb-cfn-init]:  2950K .......... .......... .......... .......... .......... 11%  250M 0s
Nov 23 02:48:30 ip-172-31-19-83 [eb-cfn-init]:  3000K .......... .......... .......... .......... .......... 11%  166M 0s
Nov 23 02:48:30 ip-172-31-19-83 [eb-cfn-init]:  3050K .......... .......... .......... .......... .......... 11%  156M 0s
Nov 23 02:48:30 ip-172-31-19-83 [eb-cfn-init]:  3100K .......... .......... .......... .......... .......... 12% 89.1M 0s
Nov 23 02:48:30 ip-172-31-19-83 [eb-cfn-init]:  3150K .......... .......... .......... .......... .......... 12%  297M 0s
Nov 23 02:48:30 ip-172-31-19-83 [eb-cfn-init]:  3200K .......... .......... .......... .......... .......... 12%  239M 0s
Nov 23 02:48:31 ip-172-31-19-83 [eb-cfn-init]:  3250K .......... .......... .......... .......... .......... 12%  220M 0s
Nov 23 02:48:31 ip-172-31-19-83 [eb-cfn-init]:  3300K .......... .......... .......... .......... .......... 12%  255M 0s
Nov 23 02:48:31 ip-172-31-19-83 [eb-cfn-init]:  3350K .......... .......... .......... .......... .......... 12%  313M 0s
Nov 23 02:48:31 ip-172-31-19-83 [eb-cfn-init]:  3400K .......... .......... .......... .......... .......... 13%  289M 0s
Nov 23 02:48:31 ip-172-31-19-83 [eb-cfn-init]:  3450K .......... .......... .......... .......... .......... 13% 74.6M 0s
Nov 23 02:48:31 ip-172-31-19-83 [eb-cfn-init]:  3500K .......... .......... .......... .......... .......... 13%  271M 0s
Nov 23 02:48:31 ip-172-31-19-83 [eb-cfn-init]:  3550K .......... .......... .......... .......... .......... 13%  268M 0s
Nov 23 02:48:31 ip-172-31-19-83 [eb-cfn-init]:  3600K .......... .......... .......... .......... .......... 13%  309M 0s
Nov 23 02:48:31 ip-172-31-19-83 [eb-cfn-init]:  3650K .......... .......... .......... .......... .......... 14%  311M 0s
Nov 23 02:48:31 ip-172-31-19-83 [eb-cfn-init]:  3700K .......... .......... .......... .......... .......... 14%  161M 0s
Nov 23 02:48:31 ip-172-31-19-83 [eb-cfn-init]:  3750K .......... .......... .......... .......... .......... 14%  284M 0s
Nov 23 02:48:31 ip-172-31-19-83 [eb-cfn-init]:  3800K .......... .......... .......... .......... .......... 14% 91.8M 0s
Nov 23 02:48:31 ip-172-31-19-83 [eb-cfn-init]:  3850K .......... .......... .......... .......... .......... 14%  234M 0s
Nov 23 02:48:31 ip-172-31-19-83 [eb-cfn-init]:  3900K .......... .......... .......... .......... .......... 15%  200M 0s
Nov 23 02:48:31 ip-172-31-19-83 [eb-cfn-init]:  3950K .......... .......... .......... .......... .......... 15%  252M 0s
Nov 23 02:48:31 ip-172-31-19-83 [eb-cfn-init]:  4000K .......... .......... .......... .......... .......... 15%  276M 0s
Nov 23 02:48:31 ip-172-31-19-83 [eb-cfn-init]:  4050K .......... .......... .......... .......... .......... 15%  303M 0s
Nov 23 02:48:31 ip-172-31-19-83 [eb-cfn-init]:  4100K .......... .......... .......... .......... .......... 15%  225M 0s
Nov 23 02:48:31 ip-172-31-19-83 [eb-cfn-init]:  4150K .......... .......... .......... .......... .......... 16%  101M 0s
Nov 23 02:48:31 ip-172-31-19-83 [eb-cfn-init]:  4200K .......... .......... .......... .......... .......... 16%  300M 0s
Nov 23 02:48:31 ip-172-31-19-83 [eb-cfn-init]:  4250K .......... .......... .......... .......... .......... 16%  306M 0s
Nov 23 02:48:31 ip-172-31-19-83 [eb-cfn-init]:  4300K .......... .......... .......... .......... .......... 16%  264M 0s
Nov 23 02:48:31 ip-172-31-19-83 [eb-cfn-init]:  4350K .......... .......... .......... .......... .......... 16%  292M 0s
Nov 23 02:48:31 ip-172-31-19-83 [eb-cfn-init]:  4400K .......... .......... .......... .......... .......... 16%  201M 0s
Nov 23 02:48:31 ip-172-31-19-83 [eb-cfn-init]:  4450K .......... .......... .......... .......... .......... 17% 94.7M 0s
Nov 23 02:48:31 ip-172-31-19-83 [eb-cfn-init]:  4500K .......... .......... .......... .......... .......... 17% 90.7M 0s
Nov 23 02:48:31 ip-172-31-19-83 [eb-cfn-init]:  4550K .......... .......... .......... .......... .......... 17%  269M 0s
Nov 23 02:48:31 ip-172-31-19-83 [eb-cfn-init]:  4600K .......... .......... .......... .......... .......... 17%  151M 0s
Nov 23 02:48:31 ip-172-31-19-83 [eb-cfn-init]:  4650K .......... .......... .......... .......... .......... 17%  300M 0s
Nov 23 02:48:31 ip-172-31-19-83 [eb-cfn-init]:  4700K .......... .......... .......... .......... .......... 18%  274M 0s
Nov 23 02:48:31 ip-172-31-19-83 [eb-cfn-init]:  4750K .......... .......... .......... .......... .......... 18%  273M 0s
Nov 23 02:48:31 ip-172-31-19-83 [eb-cfn-init]:  4800K .......... .......... .......... .......... .......... 18%  255M 0s
Nov 23 02:48:31 ip-172-31-19-83 [eb-cfn-init]:  4850K .......... .......... .......... .......... .......... 18%  279M 0s
Nov 23 02:48:31 ip-172-31-19-83 [eb-cfn-init]:  4900K .......... .......... .......... .......... .......... 18% 23.8M 0s
Nov 23 02:48:31 ip-172-31-19-83 [eb-cfn-init]:  4950K .......... .......... .......... .......... .......... 19% 58.9M 0s
Nov 23 02:48:31 ip-172-31-19-83 [eb-cfn-init]:  5000K .......... .......... .......... .......... .......... 19% 87.3M 0s
Nov 23 02:48:31 ip-172-31-19-83 [eb-cfn-init]:  5050K .......... .......... .......... .......... .......... 19% 62.5M 0s
Nov 23 02:48:31 ip-172-31-19-83 [eb-cfn-init]:  5100K .......... .......... .......... .......... .......... 19% 88.4M 0s
Nov 23 02:48:31 ip-172-31-19-83 [eb-cfn-init]:  5150K .......... .......... .......... .......... .......... 19% 95.3M 0s
Nov 23 02:48:31 ip-172-31-19-83 [eb-cfn-init]:  5200K .......... .......... .......... .......... .......... 20% 56.6M 0s
Nov 23 02:48:31 ip-172-31-19-83 [eb-cfn-init]:  5250K .......... .......... .......... .......... .......... 20% 97.4M 0s
Nov 23 02:48:31 ip-172-31-19-83 [eb-cfn-init]:  5300K .......... .......... .......... .......... .......... 20% 52.4M 0s
Nov 23 02:48:31 ip-172-31-19-83 [eb-cfn-init]:  5350K .......... .......... .......... .......... .......... 20% 83.6M 0s
Nov 23 02:48:31 ip-172-31-19-83 [eb-cfn-init]:  5400K .......... .......... .......... .......... .......... 20% 50.5M 0s
Nov 23 02:48:31 ip-172-31-19-83 [eb-cfn-init]:  5450K .......... .......... .......... .......... .......... 20% 86.4M 0s
Nov 23 02:48:31 ip-172-31-19-83 [eb-cfn-init]:  5500K .......... .......... .......... .......... .......... 21% 35.0M 0s
Nov 23 02:48:31 ip-172-31-19-83 [eb-cfn-init]:  5550K .......... .......... .......... .......... .......... 21% 91.2M 0s
Nov 23 02:48:31 ip-172-31-19-83 [eb-cfn-init]:  5600K .......... .......... .......... .......... .......... 21% 29.2M 0s
Nov 23 02:48:31 ip-172-31-19-83 [eb-cfn-init]:  5650K .......... .......... .......... .......... .......... 21%  101M 0s
Nov 23 02:48:31 ip-172-31-19-83 [eb-cfn-init]:  5700K .......... .......... .......... .......... .......... 21% 48.4M 0s
Nov 23 02:48:31 ip-172-31-19-83 [eb-cfn-init]:  5750K .......... .......... .......... .......... .......... 22% 58.3M 0s
Nov 23 02:48:31 ip-172-31-19-83 [eb-cfn-init]:  5800K .......... .......... .......... .......... .......... 22% 58.4M 0s
Nov 23 02:48:31 ip-172-31-19-83 [eb-cfn-init]:  5850K .......... .......... .......... .......... .......... 22% 97.6M 0s
Nov 23 02:48:31 ip-172-31-19-83 [eb-cfn-init]:  5900K .......... .......... .......... .......... .......... 22% 58.0M 0s
Nov 23 02:48:31 ip-172-31-19-83 [eb-cfn-init]:  5950K .......... .......... .......... .......... .......... 22% 92.6M 0s
Nov 23 02:48:31 ip-172-31-19-83 [eb-cfn-init]:  6000K .......... .......... .......... .......... .......... 23% 62.0M 0s
Nov 23 02:48:31 ip-172-31-19-83 [eb-cfn-init]:  6050K .......... .......... .......... .......... .......... 23%  100M 0s
Nov 23 02:48:31 ip-172-31-19-83 [eb-cfn-init]:  6100K .......... .......... .......... .......... .......... 23% 51.8M 0s
Nov 23 02:48:31 ip-172-31-19-83 [eb-cfn-init]:  6150K .......... .......... .......... .......... .......... 23% 78.9M 0s
Nov 23 02:48:31 ip-172-31-19-83 [eb-cfn-init]:  6200K .......... .......... .......... .......... .......... 23% 65.8M 0s
Nov 23 02:48:31 ip-172-31-19-83 [eb-cfn-init]:  6250K .......... .......... .......... .......... .......... 24% 92.7M 0s
Nov 23 02:48:31 ip-172-31-19-83 [eb-cfn-init]:  6300K .......... .......... .......... .......... .......... 24% 35.3M 0s
Nov 23 02:48:31 ip-172-31-19-83 [eb-cfn-init]:  6350K .......... .......... .......... .......... .......... 24%  101M 0s
Nov 23 02:48:31 ip-172-31-19-83 [eb-cfn-init]:  6400K .......... .......... .......... .......... .......... 24% 61.2M 0s
Nov 23 02:48:31 ip-172-31-19-83 [eb-cfn-init]:  6450K .......... .......... .......... .......... .......... 24% 89.5M 0s
Nov 23 02:48:31 ip-172-31-19-83 [eb-cfn-init]:  6500K .......... .......... .......... .......... .......... 24% 50.7M 0s
Nov 23 02:48:31 ip-172-31-19-83 [eb-cfn-init]:  6550K .......... .......... .......... .......... .......... 25% 93.1M 0s
Nov 23 02:48:31 ip-172-31-19-83 [eb-cfn-init]:  6600K .......... .......... .......... .......... .......... 25% 45.7M 0s
Nov 23 02:48:31 ip-172-31-19-83 [eb-cfn-init]:  6650K .......... .......... .......... .......... .......... 25% 28.6M 0s
Nov 23 02:48:31 ip-172-31-19-83 [eb-cfn-init]:  6700K .......... .......... .......... .......... .......... 25% 43.4M 0s
Nov 23 02:48:31 ip-172-31-19-83 [eb-cfn-init]:  6750K .......... .......... .......... .......... .......... 25% 99.2M 0s
Nov 23 02:48:31 ip-172-31-19-83 [eb-cfn-init]:  6800K .......... .......... .......... .......... .......... 26% 26.7M 0s
Nov 23 02:48:31 ip-172-31-19-83 [eb-cfn-init]:  6850K .......... .......... .......... .......... .......... 26%  100M 0s
Nov 23 02:48:31 ip-172-31-19-83 [eb-cfn-init]:  6900K .......... .......... .......... .......... .......... 26% 51.7M 0s
Nov 23 02:48:31 ip-172-31-19-83 [eb-cfn-init]:  6950K .......... .......... .......... .......... .......... 26%  102M 0s
Nov 23 02:48:31 ip-172-31-19-83 [eb-cfn-init]:  7000K .......... .......... .......... .......... .......... 26% 53.4M 0s
Nov 23 02:48:31 ip-172-31-19-83 [eb-cfn-init]:  7050K .......... .......... .......... .......... .......... 27% 95.2M 0s
Nov 23 02:48:31 ip-172-31-19-83 [eb-cfn-init]:  7100K .......... .......... .......... .......... .......... 27% 51.6M 0s
Nov 23 02:48:31 ip-172-31-19-83 [eb-cfn-init]:  7150K .......... .......... .......... .......... .......... 27% 84.3M 0s
Nov 23 02:48:31 ip-172-31-19-83 [eb-cfn-init]:  7200K .......... .......... .......... .......... .......... 27% 55.2M 0s
Nov 23 02:48:31 ip-172-31-19-83 [eb-cfn-init]:  7250K .......... .......... .......... .......... .......... 27%  100M 0s
Nov 23 02:48:31 ip-172-31-19-83 [eb-cfn-init]:  7300K .......... .......... .......... .......... .......... 28% 52.0M 0s
Nov 23 02:48:31 ip-172-31-19-83 [eb-cfn-init]:  7350K .......... .......... .......... .......... .......... 28% 82.5M 0s
Nov 23 02:48:31 ip-172-31-19-83 [eb-cfn-init]:  7400K .......... .......... .......... .......... .......... 28% 48.0M 0s
Nov 23 02:48:31 ip-172-31-19-83 [eb-cfn-init]:  7450K .......... .......... .......... .......... .......... 28% 99.7M 0s
Nov 23 02:48:31 ip-172-31-19-83 [eb-cfn-init]:  7500K .......... .......... .......... .......... .......... 28% 74.7M 0s
Nov 23 02:48:31 ip-172-31-19-83 [eb-cfn-init]:  7550K .......... .......... .......... .......... .......... 29% 78.4M 0s
Nov 23 02:48:31 ip-172-31-19-83 [eb-cfn-init]:  7600K .......... .......... .......... .......... .......... 29% 96.6M 0s
Nov 23 02:48:31 ip-172-31-19-83 [eb-cfn-init]:  7650K .......... .......... .......... .......... .......... 29% 39.1M 0s
Nov 23 02:48:31 ip-172-31-19-83 [eb-cfn-init]:  7700K .......... .......... .......... .......... .......... 29% 75.1M 0s
Nov 23 02:48:31 ip-172-31-19-83 [eb-cfn-init]:  7750K .......... .......... .......... .......... .......... 29% 82.3M 0s
Nov 23 02:48:31 ip-172-31-19-83 [eb-cfn-init]:  7800K .......... .......... .......... .......... .......... 29% 86.1M 0s
Nov 23 02:48:31 ip-172-31-19-83 [eb-cfn-init]:  7850K .......... .......... .......... .......... .......... 30% 51.4M 0s
Nov 23 02:48:31 ip-172-31-19-83 [eb-cfn-init]:  7900K .......... .......... .......... .......... .......... 30% 90.3M 0s
Nov 23 02:48:31 ip-172-31-19-83 [eb-cfn-init]:  7950K .......... .......... .......... .......... .......... 30% 65.0M 0s
Nov 23 02:48:31 ip-172-31-19-83 [eb-cfn-init]:  8000K .......... .......... .......... .......... .......... 30% 97.6M 0s
Nov 23 02:48:31 ip-172-31-19-83 [eb-cfn-init]:  8050K .......... .......... .......... .......... .......... 30% 66.4M 0s
Nov 23 02:48:31 ip-172-31-19-83 [eb-cfn-init]:  8100K .......... .......... .......... .......... .......... 31% 70.8M 0s
Nov 23 02:48:31 ip-172-31-19-83 [eb-cfn-init]:  8150K .......... .......... .......... .......... .......... 31% 56.0M 0s
Nov 23 02:48:31 ip-172-31-19-83 [eb-cfn-init]:  8200K .......... .......... .......... .......... .......... 31%  100M 0s
Nov 23 02:48:31 ip-172-31-19-83 [eb-cfn-init]:  8250K .......... .......... .......... .......... .......... 31%  101M 0s
Nov 23 02:48:31 ip-172-31-19-83 [eb-cfn-init]:  8300K .......... .......... .......... .......... .......... 31% 42.4M 0s
Nov 23 02:48:31 ip-172-31-19-83 [eb-cfn-init]:  8350K .......... .......... .......... .......... .......... 32% 80.9M 0s
Nov 23 02:48:31 ip-172-31-19-83 [eb-cfn-init]:  8400K .......... .......... .......... .......... .......... 32% 56.9M 0s
Nov 23 02:48:31 ip-172-31-19-83 [eb-cfn-init]:  8450K .......... .......... .......... .......... .......... 32% 98.6M 0s
Nov 23 02:48:31 ip-172-31-19-83 [eb-cfn-init]:  8500K .......... .......... .......... .......... .......... 32% 37.6M 0s
Nov 23 02:48:31 ip-172-31-19-83 [eb-cfn-init]:  8550K .......... .......... .......... .......... .......... 32% 91.8M 0s
Nov 23 02:48:31 ip-172-31-19-83 [eb-cfn-init]:  8600K .......... .......... .......... .......... .......... 33%  100M 0s
Nov 23 02:48:31 ip-172-31-19-83 [eb-cfn-init]:  8650K .......... .......... .......... .......... .......... 33%  102M 0s
Nov 23 02:48:31 ip-172-31-19-83 [eb-cfn-init]:  8700K .......... .......... .......... .......... .......... 33% 78.8M 0s
Nov 23 02:48:31 ip-172-31-19-83 [eb-cfn-init]:  8750K .......... .......... .......... .......... .......... 33% 73.7M 0s
Nov 23 02:48:31 ip-172-31-19-83 [eb-cfn-init]:  8800K .......... .......... .......... .......... .......... 33% 52.7M 0s
Nov 23 02:48:31 ip-172-31-19-83 [eb-cfn-init]:  8850K .......... .......... .......... .......... .......... 33% 86.9M 0s
Nov 23 02:48:31 ip-172-31-19-83 [eb-cfn-init]:  8900K .......... .......... .......... .......... .......... 34% 58.4M 0s
Nov 23 02:48:31 ip-172-31-19-83 [eb-cfn-init]:  8950K .......... .......... .......... .......... .......... 34%  100M 0s
Nov 23 02:48:31 ip-172-31-19-83 [eb-cfn-init]:  9000K .......... .......... .......... .......... .......... 34% 49.7M 0s
Nov 23 02:48:31 ip-172-31-19-83 [eb-cfn-init]:  9050K .......... .......... .......... .......... .......... 34%  101M 0s
Nov 23 02:48:31 ip-172-31-19-83 [eb-cfn-init]:  9100K .......... .......... .......... .......... .......... 34% 54.7M 0s
Nov 23 02:48:31 ip-172-31-19-83 [eb-cfn-init]:  9150K .......... .......... .......... .......... .......... 35%  100M 0s
Nov 23 02:48:31 ip-172-31-19-83 [eb-cfn-init]:  9200K .......... .......... .......... .......... .......... 35% 99.3M 0s
Nov 23 02:48:31 ip-172-31-19-83 [eb-cfn-init]:  9250K .......... .......... .......... .......... .......... 35% 60.1M 0s
Nov 23 02:48:31 ip-172-31-19-83 [eb-cfn-init]:  9300K .......... .......... .......... .......... .......... 35% 48.3M 0s
Nov 23 02:48:31 ip-172-31-19-83 [eb-cfn-init]:  9350K .......... .......... .......... .......... .......... 35% 97.1M 0s
Nov 23 02:48:31 ip-172-31-19-83 [eb-cfn-init]:  9400K .......... .......... .......... .......... .......... 36% 89.6M 0s
Nov 23 02:48:31 ip-172-31-19-83 [eb-cfn-init]:  9450K .......... .......... .......... .......... .......... 36% 45.5M 0s
Nov 23 02:48:31 ip-172-31-19-83 [eb-cfn-init]:  9500K .......... .......... .......... .......... .......... 36% 72.2M 0s
Nov 23 02:48:31 ip-172-31-19-83 [eb-cfn-init]:  9550K .......... .......... .......... .......... .......... 36% 63.4M 0s
Nov 23 02:48:31 ip-172-31-19-83 [eb-cfn-init]:  9600K .......... .......... .......... .......... .......... 36%  101M 0s
Nov 23 02:48:31 ip-172-31-19-83 [eb-cfn-init]:  9650K .......... .......... .......... .......... .......... 37% 53.1M 0s
Nov 23 02:48:31 ip-172-31-19-83 [eb-cfn-init]:  9700K .......... .......... .......... .......... .......... 37% 81.2M 0s
Nov 23 02:48:31 ip-172-31-19-83 [eb-cfn-init]:  9750K .......... .......... .......... .......... .......... 37% 54.1M 0s
Nov 23 02:48:31 ip-172-31-19-83 [eb-cfn-init]:  9800K .......... .......... .......... .......... .......... 37% 29.8M 0s
Nov 23 02:48:31 ip-172-31-19-83 [eb-cfn-init]:  9850K .......... .......... .......... .......... .......... 37% 56.0M 0s
Nov 23 02:48:31 ip-172-31-19-83 [eb-cfn-init]:  9900K .......... .......... .......... .......... .......... 37% 88.7M 0s
